 PhysXCooking_64

 Timestamp is 6663e150 (Sat Jun  8 12:42:56 2024)

 Preferred load address is 0000000180000000

 Start         Length     Name                   Class
 0001:00000000 00000060H .text$di                CODE
 0001:00000060 0001eb30H .text$mn                CODE
 0001:0001eb90 00000040H .text$mn$00             CODE
 0001:0001ebd0 00000680H .text$x                 CODE
 0002:00000000 00000280H .idata$5                DATA
 0002:00000280 00000038H .00cfg                  DATA
 0002:000002b8 00000008H .CRT$XCA                DATA
 0002:000002c0 00000030H .CRT$XCU                DATA
 0002:000002f0 00000008H .CRT$XCZ                DATA
 0002:000002f8 00000008H .CRT$XIA                DATA
 0002:00000300 00000018H .CRT$XIC                DATA
 0002:00000318 00000008H .CRT$XIZ                DATA
 0002:00000320 00000008H .CRT$XPA                DATA
 0002:00000328 00000010H .CRT$XPX                DATA
 0002:00000338 00000008H .CRT$XPXA               DATA
 0002:00000340 00000008H .CRT$XPZ                DATA
 0002:00000348 00000008H .CRT$XTA                DATA
 0002:00000350 00000010H .CRT$XTZ                DATA
 0002:00000358 00000000H .gehcont$y              DATA
 0002:00000358 00000000H .gfids$y                DATA
 0002:00000360 00008d20H .rdata                  DATA
 0002:00009080 00000000H .rdata$CastGuardVftablesA DATA
 0002:00009080 00000000H .rdata$CastGuardVftablesC DATA
 0002:00009080 0000043cH .rdata$r                DATA
 0002:000094bc 00000154H .rdata$voltmd           DATA
 0002:00009610 00000418H .rdata$zzzdbg           DATA
 0002:00009a28 00000008H .rtc$IAA                DATA
 0002:00009a30 00000008H .rtc$IZZ                DATA
 0002:00009a38 00000008H .rtc$TAA                DATA
 0002:00009a40 00000008H .rtc$TZZ                DATA
 0002:00009a48 00001640H .xdata                  DATA
 0002:0000b088 00000084H .xdata$x                DATA
 0002:0000b10c 00000040H .didat$2                DATA
 0002:0000b14c 00000024H .didat$3                DATA
 0002:0000b170 000000d8H .didat$4                DATA
 0002:0000b248 00000280H .didat$6                DATA
 0002:0000b4c8 000000d8H .didat$7                DATA
 0002:0000b5a0 00000b04H .edata                  DATA
 0002:0000c0a4 00000014H .idata$2                DATA
 0002:0000c0b8 00000018H .idata$3                DATA
 0002:0000c0d0 00000280H .idata$4                DATA
 0002:0000c350 000005baH .idata$6                DATA
 0003:00000000 00000a00H .data                   DATA
 0003:00000a00 000000e0H .data$r                 DATA
 0003:00000ae0 000000f0H .data$rs                DATA
 0003:00000bd0 000000e0H .didat$5                DATA
 0003:00000cb0 00001260H .bss                    DATA
 0004:00000000 000018fcH .pdata                  DATA
 0005:00000000 0000015cH _RDATA                  DATA
 0006:00000000 000000a0H .rsrc$01                DATA
 0006:000000a0 000004b0H .rsrc$02                DATA

  Address         Publics by Value              Rva+Base               Lib:Object

 0000:00000000       __AbsoluteZero             0000000000000000     <absolute>
 0000:00000000       ___safe_se_handler_count   0000000000000000     <absolute>
 0000:00000000       ___safe_se_handler_table   0000000000000000     <absolute>
 0000:00000000       __arm64x_extra_rfe_table   0000000000000000     <absolute>
 0000:00000000       __arm64x_extra_rfe_table_size 0000000000000000     <absolute>
 0000:00000000       __arm64x_native_entrypoint 0000000000000000     <absolute>
 0000:00000000       __arm64x_redirection_metadata 0000000000000000     <absolute>
 0000:00000000       __arm64x_redirection_metadata_count 0000000000000000     <absolute>
 0000:00000000       __dynamic_value_reloc_table 0000000000000000     <absolute>
 0000:00000000       __enclave_config           0000000000000000     <absolute>
 0000:00000000       __guard_check_icall_a64n_fptr 0000000000000000     <absolute>
 0000:00000000       __guard_eh_cont_count      0000000000000000     <absolute>
 0000:00000000       __guard_eh_cont_table      0000000000000000     <absolute>
 0000:00000000       __guard_fids_count         0000000000000000     <absolute>
 0000:00000000       __guard_fids_table         0000000000000000     <absolute>
 0000:00000000       __guard_iat_count          0000000000000000     <absolute>
 0000:00000000       __guard_iat_table          0000000000000000     <absolute>
 0000:00000000       __guard_longjmp_count      0000000000000000     <absolute>
 0000:00000000       __guard_longjmp_table      0000000000000000     <absolute>
 0000:00000000       __hybrid_auxiliary_iat     0000000000000000     <absolute>
 0000:00000000       __hybrid_auxiliary_iat_copy 0000000000000000     <absolute>
 0000:00000000       __hybrid_code_map          0000000000000000     <absolute>
 0000:00000000       __hybrid_code_map_count    0000000000000000     <absolute>
 0000:00000000       __x64_code_ranges_to_entry_points 0000000000000000     <absolute>
 0000:00000000       __x64_code_ranges_to_entry_points_count 0000000000000000     <absolute>
 0000:00000100       __guard_flags              0000000000000100     <absolute>
 0000:00000000       __ImageBase                0000000180000000     <linker-defined>
 0001:00000060       ??$copy@V?$PxReflectionAllocator@USlab@NodeAllocator@Gu@physx@@@physx@@@?$PxArray@USlab@NodeAllocator@Gu@physx@@V?$PxReflectionAllocator@USlab@NodeAllocator@Gu@physx@@@4@@physx@@IEAAXAEBV01@@Z 0000000180001060 f i Cooking.obj
 0001:000000e0       ??0AABBTreeBounds@Gu@physx@@QEAA@XZ 00000001800010e0 f i Cooking.obj
 0001:000000f0       ??0AABBTreeBuildNode@Gu@physx@@QEAA@AEBV012@@Z 00000001800010f0 f i Cooking.obj
 0001:000000f0       ??4AABBTreeBuildNode@Gu@physx@@QEAAAEAV012@AEBV012@@Z 00000001800010f0 f i Cooking.obj
 0001:00000130       ??$forward@_K@std@@YA$$QEA_KAEA_K@Z 0000000180001130 f i libvcruntime:undname.obj
 0001:00000130       ??0AABBTreeBuildNode@Gu@physx@@QEAA@XZ 0000000180001130 f i Cooking.obj
 0001:00000130       ??4PxFoundation@physx@@QEAAAEAV01@AEBV01@@Z 0000000180001130 f i Cooking.obj
 0001:00000130       ?getAABB@AABBTreeBuildNode@Gu@physx@@QEBAAEBVPxBounds3@3@XZ 0000000180001130 f i Cooking.obj
 0001:00000140       ??0AABBTreeBuildParams@Gu@physx@@QEAA@IIPEBVAABBTreeBounds@12@W4BVHBuildStrategy@12@@Z 0000000180001140 f i Cooking.obj
 0001:00000160       ??0NodeAllocator@Gu@physx@@QEAA@AEBV012@@Z 0000000180001160 f i Cooking.obj
 0001:000001a0       ??0PxFoundation@physx@@QEAA@AEBV01@@Z 00000001800011a0 f i Cooking.obj
 0001:000001a0       ??0PxFoundation@physx@@QEAA@XZ 00000001800011a0 f i Cooking.obj
 0001:000001b0       ??1AABBTreeBounds@Gu@physx@@QEAA@XZ 00000001800011b0 f i Cooking.obj
 0001:000001c0       ??1AABBTreeBuildNode@Gu@physx@@QEAA@XZ 00000001800011c0 f i Cooking.obj
 0001:000001c0       _guard_check_icall_nop     00000001800011c0 f i LIBCMT:guard_support.obj
 0001:000001d0       ??1AABBTreeBuildParams@Gu@physx@@QEAA@XZ 00000001800011d0 f i Cooking.obj
 0001:000001d0       ?reset@AABBTreeBuildParams@Gu@physx@@QEAAXXZ 00000001800011d0 f i Cooking.obj
 0001:00000220       ??1PxFoundation@physx@@MEAA@XZ 0000000180001220 f i Cooking.obj
 0001:00000230       ??4AABBTreeBounds@Gu@physx@@QEAAAEAV012@AEBV012@@Z 0000000180001230 f i Cooking.obj
 0001:00000240       ??4AABBTreeBuildParams@Gu@physx@@QEAAAEAV012@AEBV012@@Z 0000000180001240 f i Cooking.obj
 0001:00000260       ??4NodeAllocator@Gu@physx@@QEAAAEAV012@AEBV012@@Z 0000000180001260 f i Cooking.obj
 0001:00000310       ??_EPxFoundation@physx@@MEAAPEAXI@Z 0000000180001310 f i Cooking.obj
 0001:000003a0       ??_FAABBTreeBuildParams@Gu@physx@@QEAAXXZ 00000001800013a0 f i Cooking.obj
 0001:000003c0       ?allocate@?$PxArray@USlab@NodeAllocator@Gu@physx@@V?$PxReflectionAllocator@USlab@NodeAllocator@Gu@physx@@@4@@physx@@IEAAPEAUSlab@NodeAllocator@Gu@2@IPEAI@Z 00000001800013c0 f i Cooking.obj
 0001:00000450       ?getBounds@AABBTreeBounds@Gu@physx@@QEAAPEAVPxBounds3@3@XZ 0000000180001450 f i Cooking.obj
 0001:00000450       ?getBounds@AABBTreeBounds@Gu@physx@@QEBAPEBVPxBounds3@3@XZ 0000000180001450 f i Cooking.obj
 0001:00000460       ?getNbPrimitives@AABBTreeBuildNode@Gu@physx@@QEBAIXZ 0000000180001460 f i Cooking.obj
 0001:00000460       ?getNbRuntimePrimitives@AABBTreeBuildNode@Gu@physx@@QEBAIXZ 0000000180001460 f i Cooking.obj
 0001:00000470       ?getNeg@AABBTreeBuildNode@Gu@physx@@QEBAPEBV123@XZ 0000000180001470 f i Cooking.obj
 0001:00000490       ?getPos@AABBTreeBuildNode@Gu@physx@@QEBAPEBV123@XZ 0000000180001490 f i Cooking.obj
 0001:000004a0       ?getPrimitives@AABBTreeBuildNode@Gu@physx@@QEAAPEAIPEAI@Z 00000001800014a0 f i Cooking.obj
 0001:000004a0       ?getPrimitives@AABBTreeBuildNode@Gu@physx@@QEBAPEBIPEBI@Z 00000001800014a0 f i Cooking.obj
 0001:000004b0       ?isLeaf@AABBTreeBuildNode@Gu@physx@@QEBA_NXZ 00000001800014b0 f i Cooking.obj
 0001:000004c0       ?moveFrom@AABBTreeBounds@Gu@physx@@QEAAXAEAV123@@Z 00000001800014c0 f i Cooking.obj
 0001:000004d0       ?ownsMemory@AABBTreeBounds@Gu@physx@@QEBA_NXZ 00000001800014d0 f i Cooking.obj
 0001:000004e0       ?recreate@?$PxArray@USlab@NodeAllocator@Gu@physx@@V?$PxReflectionAllocator@USlab@NodeAllocator@Gu@physx@@@4@@physx@@IEAAXI@Z 00000001800014e0 f i Cooking.obj
 0001:000005d0       ?setBounds@AABBTreeBounds@Gu@physx@@QEAAXPEAVPxBounds3@3@@Z 00000001800015d0 f i Cooking.obj
 0001:000005e0       ?setNbRunTimePrimitives@AABBTreeBuildNode@Gu@physx@@QEAAXI@Z 00000001800015e0 f i Cooking.obj
 0001:000005f0       ?takeOwnership@AABBTreeBounds@Gu@physx@@QEAAXXZ 00000001800015f0 f i Cooking.obj
 0001:00000600       PxAssembleSoftBodyMesh     0000000180001600 f   Cooking.obj
 0001:00000610       PxAssembleSoftBodyMesh_Sim 0000000180001610 f   Cooking.obj
 0001:00000620       PxComputeCollisionData     0000000180001620 f   Cooking.obj
 0001:00000630       PxComputeHullPolygons      0000000180001630 f   Cooking.obj
 0001:00000640       PxComputeModelsMapping     0000000180001640 f   Cooking.obj
 0001:00000650       PxComputeSimulationData    0000000180001650 f   Cooking.obj
 0001:00000660       PxCookBVH                  0000000180001660 f   Cooking.obj
 0001:00000670       PxCookConvexMesh           0000000180001670 f   Cooking.obj
 0001:00000680       PxCookHeightField          0000000180001680 f   Cooking.obj
 0001:00000690       PxCookSoftBodyMesh         0000000180001690 f   Cooking.obj
 0001:000006a0       PxCookTetrahedronMesh      00000001800016a0 f   Cooking.obj
 0001:000006b0       PxCookTriangleMesh         00000001800016b0 f   Cooking.obj
 0001:000006c0       PxCreateBVH                00000001800016c0 f   Cooking.obj
 0001:000006d0       PxCreateBVHInternal        00000001800016d0 f   Cooking.obj
 0001:00000760       PxCreateConvexMesh         0000000180001760 f   Cooking.obj
 0001:00000770       PxCreateHeightField        0000000180001770 f   Cooking.obj
 0001:00000780       PxCreateSoftBodyMesh       0000000180001780 f   Cooking.obj
 0001:00000790       PxCreateTetrahedronMesh    0000000180001790 f   Cooking.obj
 0001:000007a0       PxCreateTriangleMesh       00000001800017a0 f   Cooking.obj
 0001:000007b0       PxCreateTriangleMeshInternal 00000001800017b0 f   Cooking.obj
 0001:00000840       PxGetStandaloneInsertionCallback 0000000180001840 f   Cooking.obj
 0001:00000850       PxValidateConvexMesh       0000000180001850 f   Cooking.obj
 0001:00000860       PxValidateTriangleMesh     0000000180001860 f   Cooking.obj
 0001:00000870       ?cookingDelayHook@@YAP6A_JXZIPEAUDelayLoadInfo@@@Z 0000000180001870 f   WindowsCookingDelayLoadHook.obj
 0001:00000950       PxSetPhysXCookingDelayLoadHook 0000000180001950 f   WindowsCookingDelayLoadHook.obj
 0001:00000958       __imp_load_getInsertionCallback 0000000180001958 f   PhysXCommon_64:PhysXCommon_64.dll
 0001:00000964       getInsertionCallback       0000000180001964 f   PhysXCommon_64:PhysXCommon_64.dll
 0001:0000096a       __tailMerge_physxcommon_64_dll 000000018000196a     PhysXCommon_64:PhysXCommon_64.dll
 0001:000009e3       __imp_load_cookBVH         00000001800019e3 f   PhysXCommon_64:PhysXCommon_64.dll
 0001:000009ef       cookBVH                    00000001800019ef f   PhysXCommon_64:PhysXCommon_64.dll
 0001:000009f5       __imp_load_createBVH       00000001800019f5 f   PhysXCommon_64:PhysXCommon_64.dll
 0001:00000a01       createBVH                  0000000180001a01 f   PhysXCommon_64:PhysXCommon_64.dll
 0001:00000a07       __imp_load_cookHeightField 0000000180001a07 f   PhysXCommon_64:PhysXCommon_64.dll
 0001:00000a13       cookHeightField            0000000180001a13 f   PhysXCommon_64:PhysXCommon_64.dll
 0001:00000a19       __imp_load_createHeightField 0000000180001a19 f   PhysXCommon_64:PhysXCommon_64.dll
 0001:00000a25       createHeightField          0000000180001a25 f   PhysXCommon_64:PhysXCommon_64.dll
 0001:00000a2b       __imp_load_cookConvexMesh  0000000180001a2b f   PhysXCommon_64:PhysXCommon_64.dll
 0001:00000a37       cookConvexMesh             0000000180001a37 f   PhysXCommon_64:PhysXCommon_64.dll
 0001:00000a3d       __imp_load_createConvexMesh 0000000180001a3d f   PhysXCommon_64:PhysXCommon_64.dll
 0001:00000a49       createConvexMesh           0000000180001a49 f   PhysXCommon_64:PhysXCommon_64.dll
 0001:00000a4f       __imp_load_validateConvexMesh 0000000180001a4f f   PhysXCommon_64:PhysXCommon_64.dll
 0001:00000a5b       validateConvexMesh         0000000180001a5b f   PhysXCommon_64:PhysXCommon_64.dll
 0001:00000a61       __imp_load_computeHullPolygons 0000000180001a61 f   PhysXCommon_64:PhysXCommon_64.dll
 0001:00000a6d       computeHullPolygons        0000000180001a6d f   PhysXCommon_64:PhysXCommon_64.dll
 0001:00000a73       __imp_load_validateTriangleMesh 0000000180001a73 f   PhysXCommon_64:PhysXCommon_64.dll
 0001:00000a7f       validateTriangleMesh       0000000180001a7f f   PhysXCommon_64:PhysXCommon_64.dll
 0001:00000a85       __imp_load_createTriangleMesh 0000000180001a85 f   PhysXCommon_64:PhysXCommon_64.dll
 0001:00000a91       createTriangleMesh         0000000180001a91 f   PhysXCommon_64:PhysXCommon_64.dll
 0001:00000a97       __imp_load_cookTriangleMesh 0000000180001a97 f   PhysXCommon_64:PhysXCommon_64.dll
 0001:00000aa3       cookTriangleMesh           0000000180001aa3 f   PhysXCommon_64:PhysXCommon_64.dll
 0001:00000aa9       __imp_load_cookTetrahedronMesh 0000000180001aa9 f   PhysXCommon_64:PhysXCommon_64.dll
 0001:00000ab5       cookTetrahedronMesh        0000000180001ab5 f   PhysXCommon_64:PhysXCommon_64.dll
 0001:00000abb       __imp_load_createTetrahedronMesh 0000000180001abb f   PhysXCommon_64:PhysXCommon_64.dll
 0001:00000ac7       createTetrahedronMesh      0000000180001ac7 f   PhysXCommon_64:PhysXCommon_64.dll
 0001:00000acd       __imp_load_cookSoftBodyMesh 0000000180001acd f   PhysXCommon_64:PhysXCommon_64.dll
 0001:00000ad9       cookSoftBodyMesh           0000000180001ad9 f   PhysXCommon_64:PhysXCommon_64.dll
 0001:00000adf       __imp_load_createSoftBodyMesh 0000000180001adf f   PhysXCommon_64:PhysXCommon_64.dll
 0001:00000aeb       createSoftBodyMesh         0000000180001aeb f   PhysXCommon_64:PhysXCommon_64.dll
 0001:00000af1       __imp_load_computeModelsMapping 0000000180001af1 f   PhysXCommon_64:PhysXCommon_64.dll
 0001:00000afd       computeModelsMapping       0000000180001afd f   PhysXCommon_64:PhysXCommon_64.dll
 0001:00000b03       __imp_load_computeCollisionData 0000000180001b03 f   PhysXCommon_64:PhysXCommon_64.dll
 0001:00000b0f       computeCollisionData       0000000180001b0f f   PhysXCommon_64:PhysXCommon_64.dll
 0001:00000b15       __imp_load_computeSimulationData 0000000180001b15 f   PhysXCommon_64:PhysXCommon_64.dll
 0001:00000b21       computeSimulationData      0000000180001b21 f   PhysXCommon_64:PhysXCommon_64.dll
 0001:00000b27       __imp_load_assembleSoftBodyMesh 0000000180001b27 f   PhysXCommon_64:PhysXCommon_64.dll
 0001:00000b33       assembleSoftBodyMesh       0000000180001b33 f   PhysXCommon_64:PhysXCommon_64.dll
 0001:00000b39       __imp_load_assembleSoftBodyMesh_Sim 0000000180001b39 f   PhysXCommon_64:PhysXCommon_64.dll
 0001:00000b45       assembleSoftBodyMesh_Sim   0000000180001b45 f   PhysXCommon_64:PhysXCommon_64.dll
 0001:00000b4b       __imp_load_?release@AABBTreeBounds@Gu@physx@@QEAAXXZ 0000000180001b4b f   PhysXCommon_64:PhysXCommon_64.dll
 0001:00000b57       ?release@AABBTreeBounds@Gu@physx@@QEAAXXZ 0000000180001b57 f   PhysXCommon_64:PhysXCommon_64.dll
 0001:00000b5d       __imp_load_??0BVH@Gu@physx@@QEAA@AEBUPxBVHInternalData@2@@Z 0000000180001b5d f   PhysXCommon_64:PhysXCommon_64.dll
 0001:00000b69       ??0BVH@Gu@physx@@QEAA@AEBUPxBVHInternalData@2@@Z 0000000180001b69 f   PhysXCommon_64:PhysXCommon_64.dll
 0001:00000b6f       __imp_load_??0BV4TriangleMesh@Gu@physx@@QEAA@AEBUPxTriangleMeshInternalData@2@@Z 0000000180001b6f f   PhysXCommon_64:PhysXCommon_64.dll
 0001:00000b7b       ??0BV4TriangleMesh@Gu@physx@@QEAA@AEBUPxTriangleMeshInternalData@2@@Z 0000000180001b7b f   PhysXCommon_64:PhysXCommon_64.dll
 0001:00000b81       __imp_load_PxGetBroadcastAllocator 0000000180001b81 f   PhysXFoundation_64:PhysXFoundation_64.dll
 0001:00000b8d       PxGetBroadcastAllocator    0000000180001b8d f   PhysXFoundation_64:PhysXFoundation_64.dll
 0001:00000b93       __tailMerge_physxfoundation_64_dll 0000000180001b93     PhysXFoundation_64:PhysXFoundation_64.dll
 0001:00000c0c       ?DloadAcquireSectionWriteAccess@@YAXXZ 0000000180001c0c f i Delayimp:delayhlp.obj
 0001:00000cb8       ?DloadGetSRWLockFunctionPointers@@YAEXZ 0000000180001cb8 f i Delayimp:delayhlp.obj
 0001:00000d58       ?DloadMakePermanentImageCommit@@YAXPEAX_K@Z 0000000180001d58 f i Delayimp:delayhlp.obj
 0001:00000df0       ?DloadObtainSection@@YAPEAXPEAK0@Z 0000000180001df0 f i Delayimp:delayhlp.obj
 0001:00000e8c       ?DloadProtectSection@@YAXKPEAK@Z 0000000180001e8c f i Delayimp:delayhlp.obj
 0001:00000f1c       ?DloadReleaseSectionWriteAccess@@YAXXZ 0000000180001f1c f i Delayimp:delayhlp.obj
 0001:00000fb0       __delayLoadHelper2         0000000180001fb0 f   Delayimp:delayhlp.obj
 0001:00001288       ??3@YAXPEAX@Z              0000000180002288 f   LIBCMT:delete_scalar.obj
 0001:00001290       ??3@YAXPEAX_K@Z            0000000180002290 f   LIBCMT:delete_scalar_size.obj
 0001:00001290       ??_V@YAXPEAX@Z             0000000180002290 f   LIBCMT:delete_array.obj
 0001:00001298       ??_V@YAXPEAX_K@Z           0000000180002298 f   LIBCMT:delete_array_size.obj
 0001:000012a0       ??_Etype_info@@UEAAPEAXI@Z 00000001800022a0 f i LIBCMT:std_type_info_static.obj
 0001:000012a0       ??_Gtype_info@@UEAAPEAXI@Z 00000001800022a0 f i LIBCMT:std_type_info_static.obj
 0001:000012cc       ?__scrt_initialize_type_info@@YAXXZ 00000001800022cc f   LIBCMT:tncleanup.obj
 0001:000012dc       ?__scrt_uninitialize_type_info@@YAXXZ 00000001800022dc f   LIBCMT:tncleanup.obj
 0001:00001608       _DllMainCRTStartup         0000000180002608 f   LIBCMT:dll_dllmain.obj
 0001:00001648       __security_init_cookie     0000000180002648 f   LIBCMT:gs_support.obj
 0001:000016f4       ?length@charNode@@UEBAHXZ  00000001800026f4 f   libvcruntime:undname.obj
 0001:000016f4       ?raw_length@charNode@@UEBAHXZ 00000001800026f4 f   libvcruntime:undname.obj
 0001:000016f4       DllMain                    00000001800026f4 f   LIBCMT:dll_dllmain_stub.obj
 0001:000016f4       _get_startup_argv_mode     00000001800026f4 f   LIBCMT:argv_mode.obj
 0001:000016fc       __local_stdio_printf_options 00000001800026fc f i LIBCMT:default_local_stdio_options.obj
 0001:00001704       __local_stdio_scanf_options 0000000180002704 f i LIBCMT:default_local_stdio_options.obj
 0001:0000170c       __scrt_initialize_default_local_stdio_options 000000018000270c f   LIBCMT:default_local_stdio_options.obj
 0001:00001728       __scrt_acquire_startup_lock 0000000180002728 f   LIBCMT:utility.obj
 0001:00001764       __scrt_dllmain_after_initialize_c 0000000180002764 f   LIBCMT:utility.obj
 0001:00001798       __scrt_dllmain_before_initialize_c 0000000180002798 f   LIBCMT:utility.obj
 0001:000017b0       __scrt_dllmain_crt_thread_attach 00000001800027b0 f   LIBCMT:utility.obj
 0001:000017d8       __scrt_dllmain_crt_thread_detach 00000001800027d8 f   LIBCMT:utility.obj
 0001:000017f0       __scrt_dllmain_exception_filter 00000001800027f0 f   LIBCMT:utility.obj
 0001:00001850       __scrt_dllmain_uninitialize_c 0000000180002850 f   LIBCMT:utility.obj
 0001:00001880       __scrt_dllmain_uninitialize_critical 0000000180002880 f   LIBCMT:utility.obj
 0001:00001894       __scrt_initialize_crt      0000000180002894 f   LIBCMT:utility.obj
 0001:000018e0       __scrt_initialize_onexit_tables 00000001800028e0 f   LIBCMT:utility.obj
 0001:0000196c       __scrt_is_nonwritable_in_current_image 000000018000296c f   LIBCMT:utility.obj
 0001:00001a04       __scrt_release_startup_lock 0000000180002a04 f   LIBCMT:utility.obj
 0001:00001a28       __scrt_uninitialize_crt    0000000180002a28 f   LIBCMT:utility.obj
 0001:00001a54       __scrt_get_dyn_tls_init_callback 0000000180002a54 f   LIBCMT:dyn_tls_init.obj
 0001:00001a5c       __crt_debugger_hook        0000000180002a5c f   LIBCMT:utility_desktop.obj
 0001:00001a64       __scrt_fastfail            0000000180002a64 f   LIBCMT:utility_desktop.obj
 0001:00001bb0       _RTC_Initialize            0000000180002bb0 f   LIBCMT:initsect.obj
 0001:00001bec       _RTC_Terminate             0000000180002bec f   LIBCMT:initsect.obj
 0001:00001c30       __isa_available_init       0000000180002c30 f   LIBCMT:cpu_disp.obj
 0001:00001ddc       __scrt_is_ucrt_dll_in_use  0000000180002ddc f   LIBCMT:ucrt_detection.obj
 0001:00001de8       _get_purecall_handler      0000000180002de8 f   libvcruntime:purevirt.obj
 0001:00001df4       _purecall                  0000000180002df4 f   libvcruntime:purevirt.obj
 0001:00001e18       __std_type_info_compare    0000000180002e18 f   libvcruntime:std_type_info.obj
 0001:00001e40       __std_type_info_destroy_list 0000000180002e40 f   libvcruntime:std_type_info.obj
 0001:00001e6c       __std_type_info_name       0000000180002e6c f   libvcruntime:std_type_info.obj
 0001:00001f84       strstr                     0000000180002f84 f   libvcruntime:strstr.obj
 0001:0000217c       __C_specific_handler       000000018000317c f   libvcruntime:riscchandler.obj
 0001:00002374       __vcrt_initialize          0000000180003374 f   libvcruntime:initialization.obj
 0001:0000239c       __vcrt_thread_attach       000000018000339c f   libvcruntime:initialization.obj
 0001:000023b0       __vcrt_thread_detach       00000001800033b0 f   libvcruntime:initialization.obj
 0001:000023c4       __vcrt_uninitialize        00000001800033c4 f   libvcruntime:initialization.obj
 0001:000023e0       __vcrt_uninitialize_critical 00000001800033e0 f   libvcruntime:initialization.obj
 0001:000023f0       __DestructExceptionObject  00000001800033f0 f   libvcruntime:ehhelpers.obj
 0001:00002460       ?_CallMemberFunction0@@YAXQEAX0@Z 0000000180003460 f i libvcruntime:ehhelpers.obj
 0001:00002464       _IsExceptionObjectToBeDestroyed 0000000180003464 f   libvcruntime:ehhelpers.obj
 0001:00002494       __AdjustPointer            0000000180003494 f   libvcruntime:ehhelpers.obj
 0001:000024b8       __FrameUnwindFilter        00000001800034b8 f   libvcruntime:ehhelpers.obj
 0001:00002520       __std_terminate            0000000180003520 f   libvcruntime:ehhelpers.obj
 0001:00002540       memset_repstos             0000000180003540 f   libvcruntime:memset.obj
 0001:00002560       memset                     0000000180003560 f   libvcruntime:memset.obj
 0001:000028e8       ??$?0$00@DName@@QEAA@PEBDU?$StringLifeSelector@$00@@@Z 00000001800038e8 f i libvcruntime:undname.obj
 0001:00002928       ??$?0$01@DName@@QEAA@PEBDU?$StringLifeSelector@$01@@@Z 0000000180003928 f i libvcruntime:undname.obj
 0001:00002928       ??$?0$0A@@DName@@QEAA@PEBDU?$StringLifeSelector@$0A@@@@Z 0000000180003928 f i libvcruntime:undname.obj
 0001:00002968       ??$?0$01@pcharNode@@QEAA@PEBDHU?$StringLifeSelector@$01@@@Z 0000000180003968 f i libvcruntime:undname.obj
 0001:00002968       ??$?0$0A@@pcharNode@@QEAA@PEBDHU?$StringLifeSelector@$0A@@@@Z 0000000180003968 f i libvcruntime:undname.obj
 0001:000029dc       ??$append@VDNameNode@@@DName@@AEAAXPEBVDNameNode@@@Z 00000001800039dc f i libvcruntime:undname.obj
 0001:000029dc       ??$append@VDNameStatusNode@@@DName@@AEAAXPEBVDNameStatusNode@@@Z 00000001800039dc f i libvcruntime:undname.obj
 0001:000029dc       ??$append@VcharNode@@@DName@@AEAAXPEBVcharNode@@@Z 00000001800039dc f i libvcruntime:undname.obj
 0001:000029dc       ??$append@VpcharNode@@@DName@@AEAAXPEBVpcharNode@@@Z 00000001800039dc f i libvcruntime:undname.obj
 0001:00002a40       ??$doPchar@$00@DName@@AEAAXPEBDH@Z 0000000180003a40 f i libvcruntime:undname.obj
 0001:00002ae4       ??$doPchar@$01@DName@@AEAAXPEBDH@Z 0000000180003ae4 f i libvcruntime:undname.obj
 0001:00002ae4       ??$doPchar@$0A@@DName@@AEAAXPEBDH@Z 0000000180003ae4 f i libvcruntime:undname.obj
 0001:00002b7c       ??0DName@@QEAA@AEAPEBDD@Z  0000000180003b7c f   libvcruntime:undname.obj
 0001:00002c2c       ??0DName@@QEAA@AEBUStringLiteral@@@Z 0000000180003c2c f   libvcruntime:undname.obj
 0001:00002c58       ??0DName@@QEAA@PEAV0@@Z    0000000180003c58 f   libvcruntime:undname.obj
 0001:00002cdc       ??0DName@@QEAA@_J@Z        0000000180003cdc f   libvcruntime:undname.obj
 0001:00002d84       ??0DName@@QEAA@_K@Z        0000000180003d84 f   libvcruntime:undname.obj
 0001:00002e14       ??2@YAPEAX_KAEAV_HeapManager@@H@Z 0000000180003e14 f   libvcruntime:undname.obj
 0001:00002e40       ??4DName@@QEAAAEAV0@W4DNameStatus@@@Z 0000000180003e40 f   libvcruntime:undname.obj
 0001:00002e70       ??AReplicator@@QEBA?AVDName@@H@Z 0000000180003e70 f   libvcruntime:undname.obj
 0001:00002eb0       ??HDName@@QEBA?AV0@AEBUStringLiteral@@@Z 0000000180003eb0 f   libvcruntime:undname.obj
 0001:00002edc       ??HDName@@QEBA?AV0@AEBV0@@Z 0000000180003edc f   libvcruntime:undname.obj
 0001:00002f08       ??HDName@@QEBA?AV0@D@Z     0000000180003f08 f   libvcruntime:undname.obj
 0001:00002f34       ??HDName@@QEBA?AV0@W4DNameStatus@@@Z 0000000180003f34 f   libvcruntime:undname.obj
 0001:00002f60       ??YDName@@QEAAAEAV0@AEBUStringLiteral@@@Z 0000000180003f60 f   libvcruntime:undname.obj
 0001:00002fe0       ??YDName@@QEAAAEAV0@AEBV0@@Z 0000000180003fe0 f   libvcruntime:undname.obj
 0001:00003038       ??YDName@@QEAAAEAV0@D@Z    0000000180004038 f   libvcruntime:undname.obj
 0001:000030a4       ??YDName@@QEAAAEAV0@W4DNameStatus@@@Z 00000001800040a4 f   libvcruntime:undname.obj
 0001:000030fc       ??YReplicator@@QEAAAEAV0@AEBVDName@@@Z 00000001800040fc f   libvcruntime:undname.obj
 0001:00003154       ?UScore@UnDecorator@@SA?AUStringLiteral@@W4Tokens@@@Z 0000000180004154 f   libvcruntime:undname.obj
 0001:000031a0       ?composeDeclaration@UnDecorator@@CA?AVDName@@AEBV2@@Z 00000001800041a0 f i libvcruntime:undname.obj
 0001:00004094       ?doPchar@DName@@AEAAXD@Z   0000000180005094 f   libvcruntime:undname.obj
 0001:000040e4       ?getAddressOf@UnDecorator@@CA?AVDName@@XZ 00000001800050e4 f   libvcruntime:undname.obj
 0001:00004174       ?getArgumentList@UnDecorator@@CA?AVDName@@XZ 0000000180005174 f   libvcruntime:undname.obj
 0001:00004328       ?getArgumentTypes@UnDecorator@@CA?AVDName@@XZ 0000000180005328 f   libvcruntime:undname.obj
 0001:00004474       ?getArrayAccess@UnDecorator@@CA?AVDName@@XZ 0000000180005474 f   libvcruntime:undname.obj
 0001:00004510       ?getArrayObject@UnDecorator@@CA?AVDName@@XZ 0000000180005510 f   libvcruntime:undname.obj
 0001:000045cc       ?getArrayType@UnDecorator@@CA?AVDName@@AEBV2@@Z 00000001800055cc f i libvcruntime:undname.obj
 0001:00004814       ?getBasedType@UnDecorator@@CA?AVDName@@XZ 0000000180005814 f   libvcruntime:undname.obj
 0001:0000490c       ?getBasicDataType@UnDecorator@@CA?AVDName@@AEBV2@@Z 000000018000590c f   libvcruntime:undname.obj
 0001:00004f10       ?getCallingConvention@UnDecorator@@CA?AVDName@@XZ 0000000180005f10 f   libvcruntime:undname.obj
 0001:00005048       ?getDataIndirectType@UnDecorator@@CA?AVDName@@AEBV2@W4IndirectionKind@@0H@Z 0000000180006048 f   libvcruntime:undname.obj
 0001:0000596c       ?getDataType@UnDecorator@@CA?AVDName@@PEAV2@@Z 000000018000696c f   libvcruntime:undname.obj
 0001:00005a80       ?getDecoratedName@UnDecorator@@CA?AVDName@@XZ 0000000180006a80 f   libvcruntime:undname.obj
 0001:00005d68       ?getDimension@UnDecorator@@CA?AVDName@@_N@Z 0000000180006d68 f   libvcruntime:undname.obj
 0001:00005eb0       ?getDispatchTarget@UnDecorator@@CA?AVDName@@XZ 0000000180006eb0 f   libvcruntime:undname.obj
 0001:00005f10       ?getECSUDataType@UnDecorator@@CA?AVDName@@XZ 0000000180006f10 f   libvcruntime:undname.obj
 0001:0000610c       ?getEnumType@UnDecorator@@CA?AVDName@@XZ 000000018000710c f i libvcruntime:undname.obj
 0001:0000623c       ?getExtendedDataIndirectType@UnDecorator@@CA?AVDName@@AEAW4IndirectionKind@@AEA_NH@Z 000000018000723c f   libvcruntime:undname.obj
 0001:00006440       ?getExternalDataType@UnDecorator@@CA?AVDName@@AEBV2@@Z 0000000180007440 f i libvcruntime:undname.obj
 0001:00006500       ?getFloatingPoint@UnDecorator@@CA?AVDName@@H@Z 0000000180007500 f   libvcruntime:undname.obj
 0001:00006668       ?getFunctionIndirectType@UnDecorator@@CA?AVDName@@AEBV2@@Z 0000000180007668 f   libvcruntime:undname.obj
 0001:00006b9c       ?getLastChar@DNameStatusNode@@UEBADXZ 0000000180007b9c f i libvcruntime:undname.obj
 0001:00006ba8       ?getLastChar@charNode@@UEBADXZ 0000000180007ba8 f i libvcruntime:undname.obj
 0001:00006bac       ?getLastChar@pDNameNode@@UEBADXZ 0000000180007bac f i libvcruntime:undname.obj
 0001:00006bd8       ?getLastChar@pairNode@@UEBADXZ 0000000180007bd8 f i libvcruntime:undname.obj
 0001:00006c10       ?getLastChar@pcharNode@@UEBADXZ 0000000180007c10 f i libvcruntime:undname.obj
 0001:00006c24       ?getLexicalFrame@UnDecorator@@CA?AVDName@@XZ 0000000180007c24 f i libvcruntime:undname.obj
 0001:00006c88       ?getMemberAccess@UnDecorator@@CA?AVDName@@XZ 0000000180007c88 f   libvcruntime:undname.obj
 0001:00006d1c       ?getMemoryWithBuffer@_HeapManager@@QEAAPEAX_K@Z 0000000180007d1c f   libvcruntime:undname.obj
 0001:00006dac       ?getNoexcept@UnDecorator@@CA?AVDName@@XZ 0000000180007dac f   libvcruntime:undname.obj
 0001:00006e10       ?getNumberOfDimensions@UnDecorator@@CAHXZ 0000000180007e10 f   libvcruntime:undname.obj
 0001:00006e78       ?getOperatorName@UnDecorator@@CA?AVDName@@_NPEA_N@Z 0000000180007e78 f i libvcruntime:undname.obj
 0001:00007828       ?getPointerToMember@UnDecorator@@CA?AVDName@@XZ 0000000180008828 f   libvcruntime:undname.obj
 0001:00007920       ?getPrimaryDataType@UnDecorator@@CA?AVDName@@AEBV2@@Z 0000000180008920 f   libvcruntime:undname.obj
 0001:00007bd8       ?getPtrRefDataType@UnDecorator@@CA?AVDName@@AEBV2@H@Z 0000000180008bd8 f   libvcruntime:undname.obj
 0001:00007da4       ?getPtrRefType@UnDecorator@@CA?AVDName@@AEBV2@0W4IndirectionKind@@@Z 0000000180008da4 f   libvcruntime:undname.obj
 0001:00007f7c       ?getRestrictionSpec@UnDecorator@@CA?AVDName@@XZ 0000000180008f7c f   libvcruntime:undname.obj
 0001:00008158       ?getReturnType@UnDecorator@@CA?AVDName@@PEAV2@@Z 0000000180009158 f   libvcruntime:undname.obj
 0001:0000818c       ?getScope@UnDecorator@@CA?AVDName@@XZ 000000018000918c f   libvcruntime:undname.obj
 0001:00008648       ?getScopedName@UnDecorator@@CA?AVDName@@XZ 0000000180009648 f   libvcruntime:undname.obj
 0001:00008788       ?getSignedDimension@UnDecorator@@CA?AVDName@@XZ 0000000180009788 f   libvcruntime:undname.obj
 0001:00008810       ?getString@DNameStatusNode@@UEBAPEADPEAD0@Z 0000000180009810 f i libvcruntime:undname.obj
 0001:00008858       ?getString@charNode@@UEBAPEADPEAD0@Z 0000000180009858 f i libvcruntime:undname.obj
 0001:0000886c       ?getString@pDNameNode@@UEBAPEADPEAD0@Z 000000018000986c f i libvcruntime:undname.obj
 0001:0000889c       ?getString@pairNode@@UEBAPEADPEAD0@Z 000000018000989c f i libvcruntime:undname.obj
 0001:000088e8       ?getString@pcharNode@@UEBAPEADPEAD0@Z 00000001800098e8 f i libvcruntime:undname.obj
 0001:00008920       ?getStringEncoding@UnDecorator@@CA?AVDName@@W4PrefixKind@@H@Z 0000000180009920 f   libvcruntime:undname.obj
 0001:00008a30       ?getStringObject@UnDecorator@@CA?AVDName@@XZ 0000000180009a30 f   libvcruntime:undname.obj
 0001:00008a98       ?getSymbolName@UnDecorator@@CA?AVDName@@XZ 0000000180009a98 f i libvcruntime:undname.obj
 0001:00008ae4       ?getTemplateArgumentList@UnDecorator@@CA?AVDName@@XZ 0000000180009ae4 f   libvcruntime:undname.obj
 0001:00008d00       ?getTemplateName@UnDecorator@@CA?AVDName@@_N@Z 0000000180009d00 f   libvcruntime:undname.obj
 0001:00008f94       ?getTemplateNonTypeArgument@UnDecorator@@CA?AVDName@@XZ 0000000180009f94 f   libvcruntime:undname.obj
 0001:000094e4       ?getTemplateTypeArgument@UnDecorator@@CA?AVDName@@XZ 000000018000a4e4 f   libvcruntime:undname.obj
 0001:0000964c       ?getThrowTypes@UnDecorator@@CA?AVDName@@XZ 000000018000a64c f   libvcruntime:undname.obj
 0001:00009670       ?getTypeEncoding@UnDecorator@@CAHXZ 000000018000a670 f i libvcruntime:undname.obj
 0001:00009a2c       ?getUndecoratedName@UnDecorator@@QEAAPEADPEADH@Z 000000018000aa2c f i libvcruntime:undname.obj
 0001:00009b80       ?getUnionObject@UnDecorator@@CA?AVDName@@XZ 000000018000ab80 f   libvcruntime:undname.obj
 0001:00009c58       ?getVCallThunkType@UnDecorator@@CA?AVDName@@XZ 000000018000ac58 f i libvcruntime:undname.obj
 0001:00009cd0       ?getValue@UnDecorator@@CA?AV?$optional@_K@std@@XZ 000000018000acd0 f   libvcruntime:undname.obj
 0001:00009d44       ?getValueObject@UnDecorator@@CA?AVDName@@XZ 000000018000ad44 f   libvcruntime:undname.obj
 0001:00009e84       ?getVdispMapType@UnDecorator@@CA?AVDName@@AEBV2@@Z 000000018000ae84 f i libvcruntime:undname.obj
 0001:00009f00       ?getVfTableType@UnDecorator@@CA?AVDName@@AEBV2@@Z 000000018000af00 f i libvcruntime:undname.obj
 0001:0000a10c       ?getZName@UnDecorator@@CA?AVDName@@_N0@Z 000000018000b10c f   libvcruntime:undname.obj
 0001:0000a3e0       ?length@DNameStatusNode@@UEBAHXZ 000000018000b3e0 f i libvcruntime:undname.obj
 0001:0000a3e0       ?raw_length@DNameStatusNode@@UEBAHXZ 000000018000b3e0 f i libvcruntime:undname.obj
 0001:0000a3e4       ?length@pDNameNode@@UEBAHXZ 000000018000b3e4 f i libvcruntime:undname.obj
 0001:0000a40c       ?length@pairNode@@UEBAHXZ  000000018000b40c f i libvcruntime:undname.obj
 0001:0000a454       ?length@pcharNode@@UEBAHXZ 000000018000b454 f i libvcruntime:undname.obj
 0001:0000a454       ?raw_length@pcharNode@@UEBAHXZ 000000018000b454 f i libvcruntime:undname.obj
 0001:0000a458       ?parseDecoratedName@UnDecorator@@CA?AVDName@@XZ 000000018000b458 f   libvcruntime:undname.obj
 0001:0000a570       ?raw_length@pDNameNode@@UEBAHXZ 000000018000b570 f i libvcruntime:undname.obj
 0001:0000a574       ?raw_length@pairNode@@UEBAHXZ 000000018000b574 f i libvcruntime:undname.obj
 0001:0000a578       __unDName                  000000018000b578 f   libvcruntime:undname.obj
 0001:0000a5a0       __unDNameEx                000000018000b5a0 f   libvcruntime:undname.obj
 0001:0000a6d4       snprintf                   000000018000b6d4 f i libvcruntime:undname.obj
 0001:0000a72c       sprintf_s                  000000018000b72c f i libvcruntime:undname.obj
 0001:0000a790       _NLG_Notify                000000018000b790 f   libvcruntime:notify.obj
 0001:0000a7b0       __NLG_Dispatch2            000000018000b7b0 f   libvcruntime:notify.obj
 0001:0000a7c0       __NLG_Return2              000000018000b7c0 f   libvcruntime:notify.obj
 0001:0000a7c4       __except_validate_context_record 000000018000b7c4 f   libvcruntime:jbcxrval.obj
 0001:0000a810       memcpy_repmovs             000000018000b810 f   libvcruntime:memcpy.obj
 0001:0000a830       memcpy                     000000018000b830 f   libvcruntime:memcpy.obj
 0001:0000a830       memmove                    000000018000b830 f   libvcruntime:memcpy.obj
 0001:0000aea8       __vcrt_freefls             000000018000bea8 f   libvcruntime:per_thread_data.obj
 0001:0000aec8       __vcrt_freeptd             000000018000bec8 f   libvcruntime:per_thread_data.obj
 0001:0000af18       __vcrt_getptd              000000018000bf18 f   libvcruntime:per_thread_data.obj
 0001:0000af34       __vcrt_getptd_noexit       000000018000bf34 f   libvcruntime:per_thread_data.obj
 0001:0000aff4       __vcrt_initialize_ptd      000000018000bff4 f   libvcruntime:per_thread_data.obj
 0001:0000b03c       __vcrt_uninitialize_ptd    000000018000c03c f   libvcruntime:per_thread_data.obj
 0001:0000b060       __vcrt_initialize_locks    000000018000c060 f   libvcruntime:locks.obj
 0001:0000b0a8       __vcrt_lock                000000018000c0a8 f   libvcruntime:locks.obj
 0001:0000b0c4       __vcrt_uninitialize_locks  000000018000c0c4 f   libvcruntime:locks.obj
 0001:0000b0fc       __vcrt_unlock              000000018000c0fc f   libvcruntime:locks.obj
 0001:0000b118       ??$_CallSETranslator@V__FrameHandler3@@@@YAHPEAUEHExceptionRecord@@PEA_KPEAU_CONTEXT@@PEAU_xDISPATCHER_CONTEXT@@PEBU_s_FuncInfo@@K1H@Z 000000018000c118 f i libvcruntime:risctrnsctrl.obj
 0001:0000b16c       ??$_CallSETranslator@V__FrameHandler4@@@@YAHPEAUEHExceptionRecord@@PEA_KPEAU_CONTEXT@@PEAU_xDISPATCHER_CONTEXT@@PEAUFuncInfo4@FH4@@K1H@Z 000000018000c16c f i libvcruntime:risctrnsctrl.obj
 0001:0000b1c0       ?CatchTryBlock@__FrameHandler3@@SAPEBU_s_TryBlockMapEntry@@PEBU_s_FuncInfo@@H@Z 000000018000c1c0 f   libvcruntime:risctrnsctrl.obj
 0001:0000b224       ?DecompFuncInfo@FH4@@YA_JPEAEAEAUFuncInfo4@1@_KH_N@Z 000000018000c224 f i libvcruntime:risctrnsctrl.obj
 0001:0000b348       ?ExecutionInCatch@__FrameHandler3@@SA_NPEAU_xDISPATCHER_CONTEXT@@PEBU_s_FuncInfo@@@Z 000000018000c348 f   libvcruntime:risctrnsctrl.obj
 0001:0000b374       ?ExecutionInCatch@__FrameHandler4@@SA_NPEAU_xDISPATCHER_CONTEXT@@PEAUFuncInfo4@FH4@@@Z 000000018000c374 f   libvcruntime:risctrnsctrl.obj
 0001:0000b37c       ?FrameUnwindToEmptyState@__FrameHandler3@@SAXPEA_KPEAU_xDISPATCHER_CONTEXT@@PEBU_s_FuncInfo@@@Z 000000018000c37c f   libvcruntime:risctrnsctrl.obj
 0001:0000b3e0       ?FrameUnwindToEmptyState@__FrameHandler4@@SAXPEA_KPEAU_xDISPATCHER_CONTEXT@@PEAUFuncInfo4@FH4@@@Z 000000018000c3e0 f   libvcruntime:risctrnsctrl.obj
 0001:0000b414       ?GetEstablisherFrame@__FrameHandler3@@SAPEA_KPEA_KPEAU_xDISPATCHER_CONTEXT@@PEBU_s_FuncInfo@@0@Z 000000018000c414 f   libvcruntime:risctrnsctrl.obj
 0001:0000b4e0       ?GetEstablisherFrame@__FrameHandler4@@SAPEA_KPEA_KPEAU_xDISPATCHER_CONTEXT@@PEAUFuncInfo4@FH4@@0@Z 000000018000c4e0 f   libvcruntime:risctrnsctrl.obj
 0001:0000b504       ?GetRangeOfTrysToCheck@__FrameHandler3@@SA?AU?$pair@Viterator@TryBlockMap@__FrameHandler3@@V123@@std@@AEAVTryBlockMap@1@HPEAU_xDISPATCHER_CONTEXT@@PEBU_s_FuncInfo@@H@Z 000000018000c504 f   libvcruntime:risctrnsctrl.obj
 0001:0000b644       ?GetRangeOfTrysToCheck@__FrameHandler4@@SA?AU?$pair@Viterator@TryBlockMap4@FH4@@V123@@std@@AEAVTryBlockMap4@FH4@@HPEAU_xDISPATCHER_CONTEXT@@PEAUFuncInfo4@5@H@Z 000000018000c644 f   libvcruntime:risctrnsctrl.obj
 0001:0000b7b0       ?UnwindNestedFrames@__FrameHandler3@@SAXPEA_KPEAUEHExceptionRecord@@PEAU_CONTEXT@@0PEAXPEBU_s_FuncInfo@@HHPEBU_s_HandlerType@@PEAU_xDISPATCHER_CONTEXT@@E@Z 000000018000c7b0 f   libvcruntime:risctrnsctrl.obj
 0001:0000b8b4       ?UnwindNestedFrames@__FrameHandler4@@SAXPEA_KPEAUEHExceptionRecord@@PEAU_CONTEXT@@0PEAXPEAUFuncInfo4@FH4@@HHPEAUHandlerType4@5@PEAU_xDISPATCHER_CONTEXT@@E@Z 000000018000c8b4 f   libvcruntime:risctrnsctrl.obj
 0001:0000b9d4       ?setBuffer@TryBlockMap4@FH4@@QEAAXViterator@12@@Z 000000018000c9d4 f i libvcruntime:risctrnsctrl.obj
 0001:0000bb98       _CreateFrameInfo           000000018000cb98 f   libvcruntime:risctrnsctrl.obj
 0001:0000bbd4       _FindAndUnlinkFrame        000000018000cbd4 f   libvcruntime:risctrnsctrl.obj
 0001:0000bc28       _GetImageBase              000000018000cc28 f   libvcruntime:risctrnsctrl.obj
 0001:0000bc3c       _GetThrowImageBase         000000018000cc3c f   libvcruntime:risctrnsctrl.obj
 0001:0000bc50       _SetImageBase              000000018000cc50 f   libvcruntime:risctrnsctrl.obj
 0001:0000bc68       _SetThrowImageBase         000000018000cc68 f   libvcruntime:risctrnsctrl.obj
 0001:0000bc80       __CxxFrameHandler3         000000018000cc80 f   libvcruntime:risctrnsctrl.obj
 0001:0000bd08       __CxxFrameHandler4         000000018000cd08 f   libvcruntime:risctrnsctrl.obj
 0001:0000bf18       __vcrt_FlsAlloc            000000018000cf18 f   libvcruntime:winapi_downlevel.obj
 0001:0000bf60       __vcrt_FlsFree             000000018000cf60 f   libvcruntime:winapi_downlevel.obj
 0001:0000bfa8       __vcrt_FlsGetValue         000000018000cfa8 f   libvcruntime:winapi_downlevel.obj
 0001:0000bff0       __vcrt_FlsSetValue         000000018000cff0 f   libvcruntime:winapi_downlevel.obj
 0001:0000c044       __vcrt_InitializeCriticalSectionEx 000000018000d044 f   libvcruntime:winapi_downlevel.obj
 0001:0000c0a8       ?GetCurrentState@__FrameHandler3@@SAHPEA_KPEAU_xDISPATCHER_CONTEXT@@PEBU_s_FuncInfo@@@Z 000000018000d0a8 f   libvcruntime:ehstate.obj
 0001:0000c0d0       ?GetUnwindTryBlock@__FrameHandler3@@SAHPEA_KPEAU_xDISPATCHER_CONTEXT@@PEBU_s_FuncInfo@@@Z 000000018000d0d0 f   libvcruntime:ehstate.obj
 0001:0000c0fc       ?SetState@__FrameHandler3@@SAXPEA_KPEBU_s_FuncInfo@@H@Z 000000018000d0fc f   libvcruntime:ehstate.obj
 0001:0000c108       ?SetUnwindTryBlock@__FrameHandler3@@SAXPEA_KPEAU_xDISPATCHER_CONTEXT@@PEBU_s_FuncInfo@@H@Z 000000018000d108 f   libvcruntime:ehstate.obj
 0001:0000c144       ?StateFromControlPc@__FrameHandler3@@SAHPEBU_s_FuncInfo@@PEAU_xDISPATCHER_CONTEXT@@@Z 000000018000d144 f   libvcruntime:ehstate.obj
 0001:0000c14c       ?StateFromControlPc@__FrameHandler4@@SAHPEAUFuncInfo4@FH4@@PEAU_xDISPATCHER_CONTEXT@@@Z 000000018000d14c f   libvcruntime:ehstate.obj
 0001:0000c154       ?StateFromIp@__FrameHandler3@@SAHPEBU_s_FuncInfo@@PEAU_xDISPATCHER_CONTEXT@@_K@Z 000000018000d154 f   libvcruntime:ehstate.obj
 0001:0000c1bc       ?StateFromIp@__FrameHandler4@@SAHPEAUFuncInfo4@FH4@@PEAU_xDISPATCHER_CONTEXT@@_K@Z 000000018000d1bc f   libvcruntime:ehstate.obj
 0001:0000d8bc       ??$TypeMatchHelper@V__FrameHandler3@@@@YAHPEBU_s_HandlerType@@PEBU_s_CatchableType@@PEBU_s_ThrowInfo@@@Z 000000018000e8bc f i libvcruntime:frame.obj
 0001:0000d9fc       ??$TypeMatchHelper@V__FrameHandler4@@@@YAHPEAUHandlerType4@FH4@@PEBU_s_CatchableType@@PEBU_s_ThrowInfo@@@Z 000000018000e9fc f i libvcruntime:frame.obj
 0001:0000db40       ??$__InternalCxxFrameHandler@V__FrameHandler3@@@@YA?AW4_EXCEPTION_DISPOSITION@@PEAUEHExceptionRecord@@PEA_KPEAU_CONTEXT@@PEAU_xDISPATCHER_CONTEXT@@PEBU_s_FuncInfo@@H1E@Z 000000018000eb40 f i libvcruntime:frame.obj
 0001:0000dd78       ??$__InternalCxxFrameHandler@V__FrameHandler4@@@@YA?AW4_EXCEPTION_DISPOSITION@@PEAUEHExceptionRecord@@PEA_KPEAU_CONTEXT@@PEAU_xDISPATCHER_CONTEXT@@PEAUFuncInfo4@FH4@@H1E@Z 000000018000ed78 f i libvcruntime:frame.obj
 0001:0000e00c       ??$__InternalCxxFrameHandlerWrapper@V__FrameHandler3@@@@YA?AW4_EXCEPTION_DISPOSITION@@PEAUEHExceptionRecord@@PEA_KPEAU_CONTEXT@@PEAU_xDISPATCHER_CONTEXT@@PEBU_s_FuncInfo@@H1E@Z 000000018000f00c f i libvcruntime:frame.obj
 0001:0000e014       ??$__InternalCxxFrameHandlerWrapper@V__FrameHandler4@@@@YA?AW4_EXCEPTION_DISPOSITION@@PEAUEHExceptionRecord@@PEA_KPEAU_CONTEXT@@PEAU_xDISPATCHER_CONTEXT@@PEAUFuncInfo4@FH4@@H1E@Z 000000018000f014 f i libvcruntime:frame.obj
 0001:0000e070       ??0HandlerMap4@FH4@@QEAA@PEBUTryBlockMapEntry4@1@_KH@Z 000000018000f070 f i libvcruntime:frame.obj
 0001:0000e0ec       ??0TryBlockMap4@FH4@@QEAA@PEBUFuncInfo4@1@_K@Z 000000018000f0ec f i libvcruntime:frame.obj
 0001:0000e1c4       ??0bad_exception@std@@QEAA@AEBV01@@Z 000000018000f1c4 f i libvcruntime:frame.obj
 0001:0000e200       ??0bad_exception@std@@QEAA@XZ 000000018000f200 f i libvcruntime:frame.obj
 0001:0000e220       ??0exception@std@@QEAA@AEBV01@@Z 000000018000f220 f i libvcruntime:frame.obj
 0001:0000e254       ??1bad_exception@std@@UEAA@XZ 000000018000f254 f i libvcruntime:frame.obj
 0001:0000e268       ??_Ebad_exception@std@@UEAAPEAXI@Z 000000018000f268 f i libvcruntime:frame.obj
 0001:0000e268       ??_Eexception@std@@UEAAPEAXI@Z 000000018000f268 f i libvcruntime:frame.obj
 0001:0000e268       ??_Gbad_exception@std@@UEAAPEAXI@Z 000000018000f268 f i libvcruntime:frame.obj
 0001:0000e268       ??_Gexception@std@@UEAAPEAXI@Z 000000018000f268 f i libvcruntime:frame.obj
 0001:0000e2ac       ?CxxCallCatchBlock@__FrameHandler3@@SAPEAXPEAU_EXCEPTION_RECORD@@@Z 000000018000f2ac f   libvcruntime:frame.obj
 0001:0000e498       ?CxxCallCatchBlock@__FrameHandler4@@SAPEAXPEAU_EXCEPTION_RECORD@@@Z 000000018000f498 f   libvcruntime:frame.obj
 0001:0000e6e8       ?DecompHandler@HandlerMap4@FH4@@AEAAXXZ 000000018000f6e8 f i libvcruntime:frame.obj
 0001:0000e934       ?FrameUnwindToState@__FrameHandler3@@SAXPEA_KPEAU_xDISPATCHER_CONTEXT@@PEBU_s_FuncInfo@@H@Z 000000018000f934 f   libvcruntime:frame.obj
 0001:0000eac0       ?FrameUnwindToState@__FrameHandler4@@SAXPEA_KPEAU_xDISPATCHER_CONTEXT@@PEAUFuncInfo4@FH4@@H@Z 000000018000fac0 f   libvcruntime:frame.obj
 0001:0000edbc       ?GetHandlerSearchState@__FrameHandler3@@SAHPEA_KPEAU_xDISPATCHER_CONTEXT@@PEBU_s_FuncInfo@@@Z 000000018000fdbc f i libvcruntime:frame.obj
 0001:0000efcc       ?ReadEntry@UWMap4@FH4@@AEAAXPEAPEAE@Z 000000018000ffcc f i libvcruntime:frame.obj
 0001:0000f068       ?_CallMemberFunction1@@YAXQEAX00@Z 0000000180010068 f i libvcruntime:frame.obj
 0001:0000f074       ?_CallMemberFunction2@@YAXQEAX00H@Z 0000000180010074 f i libvcruntime:frame.obj
 0001:0000f084       ?getStartStop@UWMap4@FH4@@QEAAXHHAEAViterator@12@0@Z 0000000180010084 f i libvcruntime:frame.obj
 0001:0000f154       ?getStateFromIterators@UWMap4@FH4@@SAHAEBViterator@12@H0H0@Z 0000000180010154 f i libvcruntime:frame.obj
 0001:0000f204       ?what@exception@std@@UEBAPEBDXZ 0000000180010204 f i libvcruntime:frame.obj
 0001:0000f230       _CallSettingFrame          0000000180010230 f   libvcruntime:handlers.obj
 0001:0000f280       _CallSettingFrame_LookupContinuationIndex 0000000180010280 f   libvcruntime:handlers.obj
 0001:0000f2b0       _CallSettingFrame_NotifyContinuationAddr 00000001800102b0 f   libvcruntime:handlers.obj
 0001:0000f2e0       _CallSettingFrameEncoded   00000001800102e0 f   libvcruntime:handlers.obj
 0001:0000f328       __std_exception_copy       0000000180010328 f   libvcruntime:std_exception.obj
 0001:0000f3b8       __std_exception_destroy    00000001800103b8 f   libvcruntime:std_exception.obj
 0001:0000f3e0       _CxxThrowException         00000001800103e0 f   libvcruntime:throw.obj
 0001:0000f480       _local_unwind              0000000180010480 f   libvcruntime:jmpuwind.obj
 0001:0000f4ac       free                       00000001800104ac f   libucrt:free.obj
 0001:0000f4c0       _initterm                  00000001800104c0 f   libucrt:initterm.obj
 0001:0000f504       _initterm_e                0000000180010504 f   libucrt:initterm.obj
 0001:0000f54c       _seh_filter_dll            000000018001054c f   libucrt:exception_filter.obj
 0001:0000f560       _seh_filter_exe            0000000180010560 f   libucrt:exception_filter.obj
 0001:0000f984       __acrt_initialize_thread_local_exit_callback 0000000180010984 f   libucrt:exit.obj
 0001:0000f98c       _cexit                     000000018001098c f   libucrt:exit.obj
 0001:0000f99c       _exit                      000000018001099c f   libucrt:exit.obj
 0001:0000f9a8       _is_c_termination_complete 00000001800109a8 f   libucrt:exit.obj
 0001:0000fb70       __acrt_allocate_buffer_for_argv 0000000180010b70 f   libucrt:argv_parsing.obj
 0001:0000fbd0       _configure_narrow_argv     0000000180010bd0 f   libucrt:argv_parsing.obj
 0001:0000ff58       __dcrt_uninitialize_environments_nolock 0000000180010f58 f   libucrt:environment_initialization.obj
 0001:0000ff9c       _initialize_narrow_environment 0000000180010f9c f   libucrt:environment_initialization.obj
 0001:00010100       _execute_onexit_table      0000000180011100 f   libucrt:onexit.obj
 0001:00010144       _initialize_onexit_table   0000000180011144 f   libucrt:onexit.obj
 0001:000101a4       __acrt_uninitialize_command_line 00000001800111a4 f   libucrt:argv_data.obj
 0001:0001029c       __acrt_initialize          000000018001129c f   libucrt:initialization.obj
 0001:000102b0       __acrt_thread_attach       00000001800112b0 f   libucrt:initialization.obj
 0001:000102c4       __acrt_thread_detach       00000001800112c4 f   libucrt:initialization.obj
 0001:000102d4       __acrt_uninitialize        00000001800112d4 f   libucrt:initialization.obj
 0001:0001030c       __acrt_uninitialize_critical 000000018001130c f   libucrt:initialization.obj
 0001:0001031c       terminate                  000000018001131c f   libucrt:terminate.obj
 0001:00010348       abort                      0000000180011348 f   libucrt:abort.obj
 0001:000103a0       malloc                     00000001800113a0 f   libucrt:malloc.obj
 0001:000103a8       strcpy_s                   00000001800113a8 f   libucrt:strcpy_s.obj
 0001:000105b8       ??$ensure_buffer_is_big_enough@D@formatting_buffer@__crt_stdio_output@@QEAA_N_KAEAV__crt_cached_ptd_host@@@Z 00000001800115b8 f i libucrt:output.obj
 0001:00010660       ??$parse_integer@KV?$c_string_character_source@D@__crt_strtox@@$0A@@__crt_strtox@@YAKAEAV__crt_cached_ptd_host@@V?$c_string_character_source@D@0@H_N@Z 0000000180011660 f i libucrt:output.obj
 0001:00010910       ??$type_case_integer@$07@?$output_processor@DV?$string_output_adapter@D@__crt_stdio_output@@V?$format_validation_base@DV?$string_output_adapter@D@__crt_stdio_output@@@2@@__crt_stdio_output@@AEAA_N_N@Z 0000000180011910 f i libucrt:output.obj
 0001:00010910       ??$type_case_integer@$07@?$output_processor@DV?$string_output_adapter@D@__crt_stdio_output@@V?$standard_base@DV?$string_output_adapter@D@__crt_stdio_output@@@2@@__crt_stdio_output@@AEAA_N_N@Z 0000000180011910 f i libucrt:output.obj
 0001:00010af8       ??$type_case_integer@$09@?$output_processor@DV?$string_output_adapter@D@__crt_stdio_output@@V?$format_validation_base@DV?$string_output_adapter@D@__crt_stdio_output@@@2@@__crt_stdio_output@@AEAA_N_N@Z 0000000180011af8 f i libucrt:output.obj
 0001:00010af8       ??$type_case_integer@$09@?$output_processor@DV?$string_output_adapter@D@__crt_stdio_output@@V?$standard_base@DV?$string_output_adapter@D@__crt_stdio_output@@@2@@__crt_stdio_output@@AEAA_N_N@Z 0000000180011af8 f i libucrt:output.obj
 0001:00010ce0       ??$type_case_integer@$0BA@@?$output_processor@DV?$string_output_adapter@D@__crt_stdio_output@@V?$format_validation_base@DV?$string_output_adapter@D@__crt_stdio_output@@@2@@__crt_stdio_output@@AEAA_N_N@Z 0000000180011ce0 f i libucrt:output.obj
 0001:00010ce0       ??$type_case_integer@$0BA@@?$output_processor@DV?$string_output_adapter@D@__crt_stdio_output@@V?$standard_base@DV?$string_output_adapter@D@__crt_stdio_output@@@2@@__crt_stdio_output@@AEAA_N_N@Z 0000000180011ce0 f i libucrt:output.obj
 0001:00010ec8       ??$type_case_integer_parse_into_buffer@I$07@?$output_processor@DV?$string_output_adapter@D@__crt_stdio_output@@V?$format_validation_base@DV?$string_output_adapter@D@__crt_stdio_output@@@2@@__crt_stdio_output@@AEAAXI_N@Z 0000000180011ec8 f i libucrt:output.obj
 0001:00010ec8       ??$type_case_integer_parse_into_buffer@I$07@?$output_processor@DV?$string_output_adapter@D@__crt_stdio_output@@V?$standard_base@DV?$string_output_adapter@D@__crt_stdio_output@@@2@@__crt_stdio_output@@AEAAXI_N@Z 0000000180011ec8 f i libucrt:output.obj
 0001:00010f44       ??$type_case_integer_parse_into_buffer@I$09@?$output_processor@DV?$string_output_adapter@D@__crt_stdio_output@@V?$format_validation_base@DV?$string_output_adapter@D@__crt_stdio_output@@@2@@__crt_stdio_output@@AEAAXI_N@Z 0000000180011f44 f i libucrt:output.obj
 0001:00010f44       ??$type_case_integer_parse_into_buffer@I$09@?$output_processor@DV?$string_output_adapter@D@__crt_stdio_output@@V?$standard_base@DV?$string_output_adapter@D@__crt_stdio_output@@@2@@__crt_stdio_output@@AEAAXI_N@Z 0000000180011f44 f i libucrt:output.obj
 0001:00010fec       ??$type_case_integer_parse_into_buffer@I$0BA@@?$output_processor@DV?$string_output_adapter@D@__crt_stdio_output@@V?$format_validation_base@DV?$string_output_adapter@D@__crt_stdio_output@@@2@@__crt_stdio_output@@AEAAXI_N@Z 0000000180011fec f i libucrt:output.obj
 0001:00010fec       ??$type_case_integer_parse_into_buffer@I$0BA@@?$output_processor@DV?$string_output_adapter@D@__crt_stdio_output@@V?$standard_base@DV?$string_output_adapter@D@__crt_stdio_output@@@2@@__crt_stdio_output@@AEAAXI_N@Z 0000000180011fec f i libucrt:output.obj
 0001:00011078       ??$type_case_integer_parse_into_buffer@_K$07@?$output_processor@DV?$string_output_adapter@D@__crt_stdio_output@@V?$format_validation_base@DV?$string_output_adapter@D@__crt_stdio_output@@@2@@__crt_stdio_output@@AEAAX_K_N@Z 0000000180012078 f i libucrt:output.obj
 0001:00011078       ??$type_case_integer_parse_into_buffer@_K$07@?$output_processor@DV?$string_output_adapter@D@__crt_stdio_output@@V?$standard_base@DV?$string_output_adapter@D@__crt_stdio_output@@@2@@__crt_stdio_output@@AEAAX_K_N@Z 0000000180012078 f i libucrt:output.obj
 0001:000110f4       ??$type_case_integer_parse_into_buffer@_K$09@?$output_processor@DV?$string_output_adapter@D@__crt_stdio_output@@V?$format_validation_base@DV?$string_output_adapter@D@__crt_stdio_output@@@2@@__crt_stdio_output@@AEAAX_K_N@Z 00000001800120f4 f i libucrt:output.obj
 0001:000110f4       ??$type_case_integer_parse_into_buffer@_K$09@?$output_processor@DV?$string_output_adapter@D@__crt_stdio_output@@V?$standard_base@DV?$string_output_adapter@D@__crt_stdio_output@@@2@@__crt_stdio_output@@AEAAX_K_N@Z 00000001800120f4 f i libucrt:output.obj
 0001:000111a0       ??$type_case_integer_parse_into_buffer@_K$0BA@@?$output_processor@DV?$string_output_adapter@D@__crt_stdio_output@@V?$format_validation_base@DV?$string_output_adapter@D@__crt_stdio_output@@@2@@__crt_stdio_output@@AEAAX_K_N@Z 00000001800121a0 f i libucrt:output.obj
 0001:000111a0       ??$type_case_integer_parse_into_buffer@_K$0BA@@?$output_processor@DV?$string_output_adapter@D@__crt_stdio_output@@V?$standard_base@DV?$string_output_adapter@D@__crt_stdio_output@@@2@@__crt_stdio_output@@AEAAX_K_N@Z 00000001800121a0 f i libucrt:output.obj
 0001:0001122c       ?crop_zeroes@__crt_stdio_output@@YAXPEADQEAU__crt_locale_pointers@@@Z 000000018001222c f i libucrt:output.obj
 0001:000112a0       ?get_raw_ptd@__crt_cached_ptd_host@@QEAAPEAU__acrt_ptd@@XZ 00000001800122a0 f i libucrt:output.obj
 0001:00011308       ?parse_int_from_format_string@?$output_processor@DV?$string_output_adapter@D@__crt_stdio_output@@V?$format_validation_base@DV?$string_output_adapter@D@__crt_stdio_output@@@2@@__crt_stdio_output@@AEAA_NQEAH@Z 0000000180012308 f i libucrt:output.obj
 0001:00011308       ?parse_int_from_format_string@?$output_processor@DV?$string_output_adapter@D@__crt_stdio_output@@V?$standard_base@DV?$string_output_adapter@D@__crt_stdio_output@@@2@@__crt_stdio_output@@AEAA_NQEAH@Z 0000000180012308 f i libucrt:output.obj
 0001:00011398       ?process@?$output_processor@DV?$string_output_adapter@D@__crt_stdio_output@@V?$format_validation_base@DV?$string_output_adapter@D@__crt_stdio_output@@@2@@__crt_stdio_output@@QEAAHXZ 0000000180012398 f i libucrt:output.obj
 0001:00011728       ?process@?$output_processor@DV?$string_output_adapter@D@__crt_stdio_output@@V?$standard_base@DV?$string_output_adapter@D@__crt_stdio_output@@@2@@__crt_stdio_output@@QEAAHXZ 0000000180012728 f i libucrt:output.obj
 0001:00011aac       ?state_case_size@?$output_processor@DV?$string_output_adapter@D@__crt_stdio_output@@V?$format_validation_base@DV?$string_output_adapter@D@__crt_stdio_output@@@2@@__crt_stdio_output@@AEAA_NXZ 0000000180012aac f i libucrt:output.obj
 0001:00011aac       ?state_case_size@?$output_processor@DV?$string_output_adapter@D@__crt_stdio_output@@V?$standard_base@DV?$string_output_adapter@D@__crt_stdio_output@@@2@@__crt_stdio_output@@AEAA_NXZ 0000000180012aac f i libucrt:output.obj
 0001:00011c30       ?state_case_type@?$output_processor@DV?$string_output_adapter@D@__crt_stdio_output@@V?$format_validation_base@DV?$string_output_adapter@D@__crt_stdio_output@@@2@@__crt_stdio_output@@AEAA_NXZ 0000000180012c30 f i libucrt:output.obj
 0001:00011c30       ?state_case_type@?$output_processor@DV?$string_output_adapter@D@__crt_stdio_output@@V?$standard_base@DV?$string_output_adapter@D@__crt_stdio_output@@@2@@__crt_stdio_output@@AEAA_NXZ 0000000180012c30 f i libucrt:output.obj
 0001:00011ffc       ?type_case_Z@?$output_processor@DV?$string_output_adapter@D@__crt_stdio_output@@V?$format_validation_base@DV?$string_output_adapter@D@__crt_stdio_output@@@2@@__crt_stdio_output@@AEAA_NXZ 0000000180012ffc f i libucrt:output.obj
 0001:00011ffc       ?type_case_Z@?$output_processor@DV?$string_output_adapter@D@__crt_stdio_output@@V?$standard_base@DV?$string_output_adapter@D@__crt_stdio_output@@@2@@__crt_stdio_output@@AEAA_NXZ 0000000180012ffc f i libucrt:output.obj
 0001:00012074       ?type_case_a@?$output_processor@DV?$string_output_adapter@D@__crt_stdio_output@@V?$format_validation_base@DV?$string_output_adapter@D@__crt_stdio_output@@@2@@__crt_stdio_output@@AEAA_NXZ 0000000180013074 f i libucrt:output.obj
 0001:00012074       ?type_case_a@?$output_processor@DV?$string_output_adapter@D@__crt_stdio_output@@V?$standard_base@DV?$string_output_adapter@D@__crt_stdio_output@@@2@@__crt_stdio_output@@AEAA_NXZ 0000000180013074 f i libucrt:output.obj
 0001:000122c0       ?type_case_c_tchar@?$output_processor@DV?$string_output_adapter@D@__crt_stdio_output@@V?$format_validation_base@DV?$string_output_adapter@D@__crt_stdio_output@@@2@@__crt_stdio_output@@AEAA_ND@Z 00000001800132c0 f i libucrt:output.obj
 0001:000122c0       ?type_case_c_tchar@?$output_processor@DV?$string_output_adapter@D@__crt_stdio_output@@V?$standard_base@DV?$string_output_adapter@D@__crt_stdio_output@@@2@@__crt_stdio_output@@AEAA_ND@Z 00000001800132c0 f i libucrt:output.obj
 0001:00012384       ?type_case_n@?$output_processor@DV?$string_output_adapter@D@__crt_stdio_output@@V?$format_validation_base@DV?$string_output_adapter@D@__crt_stdio_output@@@2@@__crt_stdio_output@@AEAA_NXZ 0000000180013384 f i libucrt:output.obj
 0001:00012384       ?type_case_n@?$output_processor@DV?$string_output_adapter@D@__crt_stdio_output@@V?$standard_base@DV?$string_output_adapter@D@__crt_stdio_output@@@2@@__crt_stdio_output@@AEAA_NXZ 0000000180013384 f i libucrt:output.obj
 0001:00012438       ?type_case_s@?$output_processor@DV?$string_output_adapter@D@__crt_stdio_output@@V?$format_validation_base@DV?$string_output_adapter@D@__crt_stdio_output@@@2@@__crt_stdio_output@@AEAA_NXZ 0000000180013438 f i libucrt:output.obj
 0001:00012438       ?type_case_s@?$output_processor@DV?$string_output_adapter@D@__crt_stdio_output@@V?$standard_base@DV?$string_output_adapter@D@__crt_stdio_output@@@2@@__crt_stdio_output@@AEAA_NXZ 0000000180013438 f i libucrt:output.obj
 0001:000124d0       ?update_locale_slow@__crt_cached_ptd_host@@AEAAXXZ 00000001800134d0 f i libucrt:output.obj
 0001:00012548       ?write_string@?$string_output_adapter@D@__crt_stdio_output@@QEBAXQEBDHQEAHAEAV__crt_cached_ptd_host@@@Z 0000000180013548 f i libucrt:output.obj
 0001:000125ec       __stdio_common_vsprintf    00000001800135ec f   libucrt:output.obj
 0001:00012840       __stdio_common_vsprintf_s  0000000180013840 f   libucrt:output.obj
 0001:00012954       ??$parse_integer@KV?$c_string_character_source@D@__crt_strtox@@$00@__crt_strtox@@YAKAEAV__crt_cached_ptd_host@@V?$c_string_character_source@D@0@H_N@Z 0000000180013954 f i libucrt:atox.obj
 0001:00012c34       _ischartype_l              0000000180013c34 f i libucrt:atox.obj
 0001:00012cac       atol                       0000000180013cac f   libucrt:atox.obj
 0001:00012d70       strncmp                    0000000180013d70 f   libucrt:strncmp.obj
 0001:00012df0       calloc                     0000000180013df0 f   libucrt:calloc.obj
 0001:00012df8       wcsncmp                    0000000180013df8 f   libucrt:wcsncmp.obj
 0001:00012e24       _free_base                 0000000180013e24 f   libucrt:free_base.obj
 0001:000131d8       __acrt_freeptd             00000001800141d8 f   libucrt:per_thread_data.obj
 0001:0001321c       __acrt_getptd              000000018001421c f   libucrt:per_thread_data.obj
 0001:000132f0       __acrt_getptd_head         00000001800142f0 f   libucrt:per_thread_data.obj
 0001:00013394       __acrt_getptd_noexit       0000000180014394 f   libucrt:per_thread_data.obj
 0001:0001345c       __acrt_getptd_noexit_explicit 000000018001445c f   libucrt:per_thread_data.obj
 0001:0001351c       __acrt_initialize_ptd      000000018001451c f   libucrt:per_thread_data.obj
 0001:00013558       __acrt_uninitialize_ptd    0000000180014558 f   libucrt:per_thread_data.obj
 0001:0001357c       __acrt_initialize_locks    000000018001457c f   libucrt:locks.obj
 0001:000135c4       __acrt_lock                00000001800145c4 f   libucrt:locks.obj
 0001:000135e0       __acrt_uninitialize_locks  00000001800145e0 f   libucrt:locks.obj
 0001:00013618       __acrt_unlock              0000000180014618 f   libucrt:locks.obj
 0001:00013634       __acrt_get_process_end_policy 0000000180014634 f   libucrt:win_policies.obj
 0001:00013670       ?get_raw_ptd_noexit@__crt_cached_ptd_host@@QEAAPEAU__acrt_ptd@@XZ 0000000180014670 f i libucrt:invalid_parameter.obj
 0001:000136dc       ?value@?$dual_state_global@P6AXPEB_W00I_K@Z@__crt_state_management@@QEAAAEAP6AXPEB_W00I_K@ZAEAV__crt_cached_ptd_host@@@Z 00000001800146dc f i libucrt:invalid_parameter.obj
 0001:00013728       __acrt_call_reportfault    0000000180014728 f   libucrt:invalid_parameter.obj
 0001:00013884       __acrt_initialize_invalid_parameter_handler 0000000180014884 f   libucrt:invalid_parameter.obj
 0001:0001388c       _invalid_parameter         000000018001488c f   libucrt:invalid_parameter.obj
 0001:00013928       _invalid_parameter_internal 0000000180014928 f   libucrt:invalid_parameter.obj
 0001:000139f8       _invalid_parameter_noinfo  00000001800149f8 f   libucrt:invalid_parameter.obj
 0001:00013a18       _invoke_watson             0000000180014a18 f   libucrt:invalid_parameter.obj
 0001:00013a60       __acrt_errno_from_os_error 0000000180014a60 f   libucrt:errno.obj
 0001:00013aa8       __acrt_errno_map_os_error  0000000180014aa8 f   libucrt:errno.obj
 0001:00013af0       __acrt_errno_map_os_error_ptd 0000000180014af0 f   libucrt:errno.obj
 0001:00013b14       __doserrno                 0000000180014b14 f   libucrt:errno.obj
 0001:00013b34       _errno                     0000000180014b34 f   libucrt:errno.obj
 0001:00013b54       _calloc_base               0000000180014b54 f   libucrt:calloc_base.obj
 0001:00013be0       ??$__acrt_convert_wcs_mbs_cp@D_WV<lambda_7c9dea7b4ca7285d2cdb541a38da6275>@@U__crt_win32_buffer_internal_dynamic_resizing@@@@YAHQEBDAEAV?$__crt_win32_buffer@_WU__crt_win32_buffer_internal_dynamic_resizing@@@@AEBV<lambda_7c9dea7b4ca7285d2cdb541a38da6275>@@I@Z 0000000180014be0 f i libucrt:argv_wildcards.obj
 0001:00013d5c       ??$__acrt_convert_wcs_mbs_cp@_WDV<lambda_d8593a27d1aa8c02be35c86a17d324c4>@@U__crt_win32_buffer_internal_dynamic_resizing@@@@YAHQEB_WAEAV?$__crt_win32_buffer@DU__crt_win32_buffer_internal_dynamic_resizing@@@@AEBV<lambda_d8593a27d1aa8c02be35c86a17d324c4>@@I@Z 0000000180014d5c f i libucrt:argv_wildcards.obj
 0001:00014604       ??0_LocaleUpdate@@QEAA@QEAU__crt_locale_pointers@@@Z 0000000180015604 f i libucrt:argv_wildcards.obj
 0001:000146a0       __acrt_expand_narrow_argv_wildcards 00000001800156a0 f   libucrt:argv_wildcards.obj
 0001:000146a8       ??$__acrt_convert_wcs_mbs_cp@_WDV<lambda_f788ae46380686e8b737efdd8c720d07>@@U__crt_win32_buffer_no_resizing@@@@YAHQEB_WAEAV?$__crt_win32_buffer@DU__crt_win32_buffer_no_resizing@@@@AEBV<lambda_f788ae46380686e8b737efdd8c720d07>@@I@Z 00000001800156a8 f i libucrt:getmodulefilenamea.obj
 0001:000147c4       __acrt_GetModuleFileNameA  00000001800157c4 f   libucrt:getmodulefilenamea.obj
 0001:000150e0       __acrt_initialize_multibyte 00000001800160e0 f   libucrt:mbctype.obj
 0001:00015140       __acrt_update_thread_multibyte_data 0000000180016140 f   libucrt:mbctype.obj
 0001:0001515c       _setmbcp_nolock            000000018001615c f   libucrt:mbctype.obj
 0001:00015490       _ismbblead                 0000000180016490 f   libucrt:ismbbyte.obj
 0001:000154a4       __acrt_initialize_command_line 00000001800164a4 f   libucrt:argv_data.obj
 0001:000154cc       __acrt_MultiByteToWideChar 00000001800164cc f   libucrt:multibytetowidechar.obj
 0001:00015528       __acrt_WideCharToMultiByte 0000000180016528 f   libucrt:widechartomultibyte.obj
 0001:000155d8       __dcrt_get_narrow_environment_from_os 00000001800165d8 f   libucrt:get_environment_from_os.obj
 0001:000156e8       _recalloc_base             00000001800166e8 f   libucrt:recalloc.obj
 0001:00015940       __acrt_AppPolicyGetProcessTerminationMethodInternal 0000000180016940 f   libucrt:winapi_thunks.obj
 0001:00015998       __acrt_AreFileApisANSI     0000000180016998 f   libucrt:winapi_thunks.obj
 0001:000159dc       __acrt_FlsAlloc            00000001800169dc f   libucrt:winapi_thunks.obj
 0001:000159e4       __acrt_FlsFree             00000001800169e4 f   libucrt:winapi_thunks.obj
 0001:000159ec       __acrt_FlsGetValue         00000001800169ec f   libucrt:winapi_thunks.obj
 0001:000159f4       __acrt_FlsSetValue         00000001800169f4 f   libucrt:winapi_thunks.obj
 0001:000159fc       __acrt_InitializeCriticalSectionEx 00000001800169fc f   libucrt:winapi_thunks.obj
 0001:00015a6c       __acrt_LCMapStringEx       0000000180016a6c f   libucrt:winapi_thunks.obj
 0001:00015b58       __acrt_LocaleNameToLCID    0000000180016b58 f   libucrt:winapi_thunks.obj
 0001:00015bb8       __acrt_initialize_winapi_thunks 0000000180016bb8 f   libucrt:winapi_thunks.obj
 0001:00015bdc       __acrt_uninitialize_winapi_thunks 0000000180016bdc f   libucrt:winapi_thunks.obj
 0001:00015c20       __acrt_initialize_heap     0000000180016c20 f   libucrt:heap_handle.obj
 0001:00015c3c       __acrt_uninitialize_heap   0000000180016c3c f   libucrt:heap_handle.obj
 0001:00015e40       __acrt_initialize_lowio    0000000180016e40 f   libucrt:ioinit.obj
 0001:00015e7c       __acrt_uninitialize_lowio  0000000180016e7c f   libucrt:ioinit.obj
 0001:00015ebc       __acrt_execute_initializers 0000000180016ebc f   libucrt:shared_initialization.obj
 0001:00015f50       __acrt_execute_uninitializers 0000000180016f50 f   libucrt:shared_initialization.obj
 0001:00015f98       __acrt_initialize_new_handler 0000000180016f98 f   libucrt:new_handler.obj
 0001:00015fa0       _callnewh                  0000000180016fa0 f   libucrt:new_handler.obj
 0001:00015fdc       _query_new_handler         0000000180016fdc f   libucrt:new_handler.obj
 0001:00016058       __acrt_get_sigabrt_handler 0000000180017058 f   libucrt:signal.obj
 0001:00016088       __acrt_initialize_signal_handlers 0000000180017088 f   libucrt:signal.obj
 0001:000160a8       raise                      00000001800170a8 f   libucrt:signal.obj
 0001:00016328       __acrt_has_user_matherr    0000000180017328 f   libucrt:matherr.obj
 0001:00016348       __acrt_initialize_user_matherr 0000000180017348 f   libucrt:matherr.obj
 0001:00016350       __acrt_invoke_user_matherr 0000000180017350 f   libucrt:matherr.obj
 0001:00016564       __acrt_stdio_flush_nolock  0000000180017564 f   libucrt:fflush.obj
 0001:000165f0       _fflush_nolock             00000001800175f0 f   libucrt:fflush.obj
 0001:000166c4       _flushall                  00000001800176c4 f   libucrt:fflush.obj
 0001:000166cc       __acrt_initialize_stdio    00000001800176cc f   libucrt:_file.obj
 0001:000167ec       __acrt_uninitialize_stdio  00000001800177ec f   libucrt:_file.obj
 0001:00016848       _lock_file                 0000000180017848 f   libucrt:_file.obj
 0001:00016854       _unlock_file               0000000180017854 f   libucrt:_file.obj
 0001:00016860       _malloc_base               0000000180017860 f   libucrt:malloc_base.obj
 0001:000168c0       strnlen                    00000001800178c0 f   libucrt:strnlen.obj
 0001:00016a10       wcsnlen                    0000000180017a10 f   libucrt:strnlen.obj
 0001:00016be8       __acrt_update_locale_info  0000000180017be8 f   libucrt:locale_update.obj
 0001:00016c1c       __acrt_update_locale_info_explicit 0000000180017c1c f   libucrt:locale_update.obj
 0001:00016c54       __acrt_update_multibyte_info 0000000180017c54 f   libucrt:locale_update.obj
 0001:00016c88       __acrt_update_multibyte_info_explicit 0000000180017c88 f   libucrt:locale_update.obj
 0001:000177f0       __acrt_fp_format           00000001800187f0 f   libucrt:cvt.obj
 0001:00017ad8       _wctomb_internal           0000000180018ad8 f   libucrt:wctomb.obj
 0001:00017c88       _mbtowc_internal           0000000180018c88 f   libucrt:mbtowc.obj
 0001:00017e00       _fileno                    0000000180018e00 f   libucrt:fileno.obj
 0001:00017e28       _get_printf_count_output   0000000180018e28 f   libucrt:printf_count_output.obj
 0001:00017eb0       __acrt_set_locale_changed  0000000180018eb0 f   libucrt:wsetlocale.obj
 0001:00017ebc       __acrt_uninitialize_locale 0000000180018ebc f   libucrt:wsetlocale.obj
 0001:00017eec       __pctype_func              0000000180018eec f   libucrt:ctype.obj
 0001:00017f1c       _isctype_l                 0000000180018f1c f   libucrt:isctype.obj
 0001:00018024       __acrt_add_locale_ref      0000000180019024 f   libucrt:locale_refcounting.obj
 0001:000180b0       __acrt_free_locale         00000001800190b0 f   libucrt:locale_refcounting.obj
 0001:00018228       __acrt_locale_add_lc_time_reference 0000000180019228 f   libucrt:locale_refcounting.obj
 0001:00018250       __acrt_locale_free_lc_time_if_unreferenced 0000000180019250 f   libucrt:locale_refcounting.obj
 0001:00018288       __acrt_locale_release_lc_time_reference 0000000180019288 f   libucrt:locale_refcounting.obj
 0001:000182b0       __acrt_release_locale_ref  00000001800192b0 f   libucrt:locale_refcounting.obj
 0001:00018358       __acrt_update_thread_locale_data 0000000180019358 f   libucrt:locale_refcounting.obj
 0001:000183c8       _updatetlocinfoEx_nolock   00000001800193c8 f   libucrt:locale_refcounting.obj
 0001:00018430       _query_new_mode            0000000180019430 f   libucrt:new_mode.obj
 0001:00018440       qsort                      0000000180019440 f   libucrt:qsort.obj
 0001:00018850       strncpy_s                  0000000180019850 f   libucrt:strncpy_s.obj
 0001:000189e0       strpbrk                    00000001800199e0 f   libucrt:strpbrk.obj
 0001:00018da8       _mbsdec                    0000000180019da8 f   libucrt:mbsdec.obj
 0001:00018db0       _mbsdec_l                  0000000180019db0 f   libucrt:mbsdec.obj
 0001:00018e44       __acrt_GetStringTypeA      0000000180019e44 f   libucrt:getstringtypea.obj
 0001:00019300       __acrt_LCMapStringA        000000018001a300 f   libucrt:lcmapstringa.obj
 0001:000193b0       _msize_base                000000018001a3b0 f   libucrt:msize.obj
 0001:000193ec       _realloc_base              000000018001a3ec f   libucrt:realloc_base.obj
 0001:00019468       __acrt_DownlevelLocaleNameToLCID 000000018001a468 f   libucrt:lcidtoname_downlevel.obj
 0001:00019510       __acrt_lowio_create_handle_array 000000018001a510 f   libucrt:osfinfo.obj
 0001:000195b8       __acrt_lowio_destroy_handle_array 000000018001a5b8 f   libucrt:osfinfo.obj
 0001:00019608       __acrt_lowio_ensure_fh_exists 000000018001a608 f   libucrt:osfinfo.obj
 0001:000196b0       __acrt_lowio_lock_fh       000000018001a6b0 f   libucrt:osfinfo.obj
 0001:000196d8       __acrt_lowio_unlock_fh     000000018001a6d8 f   libucrt:osfinfo.obj
 0001:00019700       _free_osfhnd               000000018001a700 f   libucrt:osfinfo.obj
 0001:000197bc       _get_osfhandle             000000018001a7bc f   libucrt:osfinfo.obj
 0001:000198c0       _commit                    000000018001a8c0 f   libucrt:commit.obj
 0001:0001a170       _write_internal            000000018001b170 f   libucrt:write.obj
 0001:0001a298       _write_nolock              000000018001b298 f   libucrt:write.obj
 0001:0001a5a8       _fcloseall                 000000018001b5a8 f   libucrt:closeall.obj
 0001:0001a65c       __acrt_stdio_free_buffer_nolock 000000018001b65c f   libucrt:_freebuf.obj
 0001:0001a69c       _isatty                    000000018001b69c f   libucrt:isatty.obj
 0001:0001a6fc       __acrt_fp_strflt_to_string 000000018001b6fc f   libucrt:_fptostr.obj
 0001:0001a880       ?divide@__crt_strtox@@YA_KAEAUbig_integer@1@AEBU21@@Z 000000018001b880 f i libucrt:cfout.obj
 0001:0001ad0c       __acrt_fltout              000000018001bd0c f   libucrt:cfout.obj
 0001:0001bfd4       fegetround                 000000018001cfd4 f   libucrt:fegetround.obj
 0001:0001bfe8       ?__c32rtomb_utf8@__crt_mbstring@@YA_KPEAD_UPEAU_Mbstatet@@AEAV__crt_cached_ptd_host@@@Z 000000018001cfe8 f   libucrt:c32rtomb.obj
 0001:0001c08c       ?__mbrtowc_utf8@__crt_mbstring@@YA_KPEA_WPEBD_KPEAU_Mbstatet@@AEAV__crt_cached_ptd_host@@@Z 000000018001d08c f   libucrt:mbrtowc.obj
 0001:0001c0d0       ?__mbsrtowcs_utf8@__crt_mbstring@@YA_KPEA_WPEAPEBD_KPEAU_Mbstatet@@AEAV__crt_cached_ptd_host@@@Z 000000018001d0d0 f   libucrt:mbrtowc.obj
 0001:0001c274       __acrt_locale_free_monetary 000000018001d274 f   libucrt:initmon.obj
 0001:0001c380       __acrt_locale_free_numeric 000000018001d380 f   libucrt:initnum.obj
 0001:0001c420       __acrt_locale_free_time    000000018001d420 f   libucrt:inittime.obj
 0001:0001c528       __strncnt                  000000018001d528 f   libucrt:strncnt.obj
 0001:0001c540       __ascii_wcsnicmp           000000018001d540 f   libucrt:wcsnicmp.obj
 0001:0001c58c       _query_app_type            000000018001d58c f   libucrt:report_runtime_error.obj
 0001:0001c640       _lseeki64_nolock_internal  000000018001d640 f   libucrt:lseek.obj
 0001:0001c648       _putwch_nolock             000000018001d648 f   libucrt:putwch.obj
 0001:0001c7a4       fclose                     000000018001d7a4 f   libucrt:fclose.obj
 0001:0001c83c       _controlfp_s               000000018001d83c f   libucrt:contrlfp.obj
 0001:0001c8a0       fegetenv                   000000018001d8a0 f   libucrt:fegetenv.obj
 0001:0001c8c0       fesetenv                   000000018001d8c0 f   libucrt:fesetenv.obj
 0001:0001c90c       feholdexcept               000000018001d90c f   libucrt:feholdexcept.obj
 0001:0001c95c       ceil                       000000018001d95c f   libucrt:ceil.obj
 0001:0001ca20       log10                      000000018001da20 f   libucrt:log10.obj
 0001:0001cfcc       __acrt_fenv_get_common_round_control 000000018001dfcc f   libucrt:_fenvutils.obj
 0001:0001cfd8       __acrt_fenv_get_control    000000018001dfd8 f   libucrt:_fenvutils.obj
 0001:0001d0bc       __acrt_fenv_get_status     000000018001e0bc f   libucrt:_fenvutils.obj
 0001:0001d114       __acrt_fenv_set_control    000000018001e114 f   libucrt:_fenvutils.obj
 0001:0001d250       __acrt_fenv_set_status     000000018001e250 f   libucrt:_fenvutils.obj
 0001:0001d2c4       ?reset_and_return@__crt_mbstring@@YA_K_KPEAU_Mbstatet@@@Z 000000018001e2c4 f   libucrt:common_utf8.obj
 0001:0001d2cc       ?return_illegal_sequence@__crt_mbstring@@YA_KPEAU_Mbstatet@@AEAV__crt_cached_ptd_host@@@Z 000000018001e2cc f   libucrt:common_utf8.obj
 0001:0001d2e0       ?__mbrtoc32_utf8@__crt_mbstring@@YA_KPEA_UPEBD_KPEAU_Mbstatet@@AEAV__crt_cached_ptd_host@@@Z 000000018001e2e0 f   libucrt:mbrtoc32.obj
 0001:0001d4bc       __dcrt_lowio_ensure_console_output_initialized 000000018001e4bc f   libucrt:initcon.obj
 0001:0001d510       __dcrt_terminate_console_output 000000018001e510 f   libucrt:initcon.obj
 0001:0001d52c       __dcrt_write_console       000000018001e52c f   libucrt:initcon.obj
 0001:0001d664       _close_internal            000000018001e664 f   libucrt:close.obj
 0001:0001d728       _close_nolock_internal     000000018001e728 f   libucrt:close.obj
 0001:0001d7f8       ?__acrt_stdio_free_stream@@YAXV__crt_stdio_stream@@@Z 000000018001e7f8 f   libucrt:stream.obj
 0001:0001d814       _clearfp                   000000018001e814 f   libucrt:ieee.obj
 0001:0001d884       _control87                 000000018001e884 f   libucrt:ieee.obj
 0001:0001dc70       _handle_error              000000018001ec70 f   libucrt:libm_error.obj
 0001:0001dd98       _handle_nan                000000018001ed98 f   libucrt:libm_error.obj
 0001:0001ddc0       __acrt_initialize_fma3     000000018001edc0 f   libucrt:fma3_available.obj
 0001:0001de30       _log10_special             000000018001ee30 f   libucrt:log_special.obj
 0001:0001df00       _get_fpsr                  000000018001ef00 f   libucrt:fpsr.obj
 0001:0001df10       _set_fpsr                  000000018001ef10 f   libucrt:fpsr.obj
 0001:0001df1a       _fclrf                     000000018001ef1a f   libucrt:fpsr.obj
 0001:0001df2e       _frnd                      000000018001ef2e f   libucrt:fpsr.obj
 0001:0001df50       _raise_exc                 000000018001ef50 f   libucrt:fpexcept.obj
 0001:0001df78       _raise_exc_ex              000000018001ef78 f   libucrt:fpexcept.obj
 0001:0001e288       _set_errno_from_matherr    000000018001f288 f   libucrt:fpexcept.obj
 0001:0001e2b8       _clrfp                     000000018001f2b8 f   libucrt:fpctrl.obj
 0001:0001e2d8       _ctrlfp                    000000018001f2d8 f   libucrt:fpctrl.obj
 0001:0001e354       _set_statfp                000000018001f354 f   libucrt:fpctrl.obj
 0001:0001e374       _statfp                    000000018001f374 f   libucrt:fpctrl.obj
 0001:0001e390       _FindPESection             000000018001f390 f   LIBCMT:pesect.obj
 0001:0001e3e0       _IsNonwritableInCurrentImage 000000018001f3e0 f   LIBCMT:pesect.obj
 0001:0001e430       _ValidateImageBase         000000018001f430 f   LIBCMT:pesect.obj
 0001:0001e45c       __GSHandlerCheck           000000018001f45c f   LIBCMT:gshandler.obj
 0001:0001e47c       __GSHandlerCheckCommon     000000018001f47c f   LIBCMT:gshandler.obj
 0001:0001e4f0       __security_check_cookie    000000018001f4f0 f   LIBCMT:amdsecgs.obj
 0001:0001e510       __GSHandlerCheck_SEH       000000018001f510 f   LIBCMT:gshandlerseh.obj
 0001:0001e598       __raise_securityfailure    000000018001f598 f   LIBCMT:gs_report.obj
 0001:0001e5cc       __report_gsfailure         000000018001f5cc f   LIBCMT:gs_report.obj
 0001:0001e6a0       __report_rangecheckfailure 000000018001f6a0 f   LIBCMT:gs_report.obj
 0001:0001e6b4       __report_securityfailure   000000018001f6b4 f   LIBCMT:gs_report.obj
 0001:0001e850       __chkstk                   000000018001f850 f   LIBCMT:chkstk.obj
 0001:0001e850       _alloca_probe              000000018001f850 f   LIBCMT:chkstk.obj
 0001:0001e8a0       __GSHandlerCheck_EH        000000018001f8a0 f   LIBCMT:gshandlereh.obj
 0001:0001e920       __C_specific_handler_noexcept 000000018001f920 f   libvcruntime:chandler_noexcept.obj
 0001:0001e96c       strrchr                    000000018001f96c f   libvcruntime:strrchr.obj
 0001:0001eac0       memcmp                     000000018001fac0 f   libvcruntime:memcmp.obj
 0001:0001eba0       _guard_dispatch_icall_nop  000000018001fba0 f   LIBCMT:guard_dispatch.obj
 0001:0001ebc0       _guard_xfg_dispatch_icall_nop 000000018001fbc0 f   LIBCMT:guard_xfg_dispatch.obj
 0002:00000000       __imp_LoadLibraryA         0000000180021000     kernel32:KERNEL32.dll
 0002:00000008       __imp_CloseHandle          0000000180021008     kernel32:KERNEL32.dll
 0002:00000010       __imp_RaiseException       0000000180021010     kernel32:KERNEL32.dll
 0002:00000018       __imp_GetLastError         0000000180021018     kernel32:KERNEL32.dll
[...]
 0002:0000ab50       $unwind$?fp_format_a@@YAHQEBNPEAD_KQEAD2H_NIW4__acrt_rounding_mode@@AEAV__crt_cached_ptd_host@@@Z 000000018002bb50     libucrt:cvt.obj
 0002:0000ab6c       $unwind$?fp_format_g@@YAHQEBNQEAD_K12H_NIW4__acrt_rounding_mode@@AEAV__crt_cached_ptd_host@@@Z 000000018002bb6c     libucrt:cvt.obj
 0002:0000ab84       $unwind$_wctomb_internal   000000018002bb84     libucrt:wctomb.obj
 0002:0000ab98       $unwind$??$?RV<lambda_410d79af7f07d98d83a3f525b3859a53>@@AEAV<lambda_3e16ef9562a7dcce91392c22ab16ea36>@@V<lambda_38119f0e861e05405d8a144b9b982f0a>@@@?$__crt_seh_guarded_call@X@@QEAAX$$QEAV<lambda_410d79af7f07d98d83a3f525b3859a53>@@AEAV<lambda_3e16ef9562a7dcce91392c22ab16ea36>@@$$QEAV<lambda_38119f0e861e05405d8a144b9b982f0a>@@@Z 000000018002bb98     libucrt:wsetlocale.obj
 0002:0000abc0       $unwind$_isctype_l         000000018002bbc0     libucrt:isctype.obj
 0002:0000abdc       $unwind$__acrt_update_thread_locale_data 000000018002bbdc     libucrt:locale_refcounting.obj
 0002:0000ac00       $unwind$qsort              000000018002bc00     libucrt:qsort.obj
 0002:0000ac18       $chain$4$qsort             000000018002bc18     libucrt:qsort.obj
 0002:0000ac3c       $chain$5$qsort             000000018002bc3c     libucrt:qsort.obj
 0002:0000ac4c       $unwind$strpbrk            000000018002bc4c     libucrt:strpbrk.obj
 0002:0000ac5c       $unwind$fallbackMethod     000000018002bc5c     libucrt:strpbrk.obj
 0002:0000ac6c       $unwind$__acrt_GetStringTypeA 000000018002bc6c     libucrt:getstringtypea.obj
 0002:0000ac94       $unwind$__acrt_LCMapStringA 000000018002bc94     libucrt:lcmapstringa.obj
 0002:0000aca4       $unwind$?__acrt_LCMapStringA_stat@@YAHPEAU__crt_locale_pointers@@PEB_WKPEBDHPEADHHH@Z 000000018002bca4     libucrt:lcmapstringa.obj
 0002:0000accc       $unwind$__acrt_lowio_destroy_handle_array 000000018002bccc     libucrt:osfinfo.obj
 0002:0000acdc       $unwind$__acrt_lowio_ensure_fh_exists 000000018002bcdc     libucrt:osfinfo.obj
 0002:0000ad08       $unwind$_commit            000000018002bd08     libucrt:commit.obj
 0002:0000ad10       $unwind$??$?RV<lambda_a37b2b86f63e897a80ea819b0eb08c01>@@AEAV<lambda_38ce7e780aa69e748d6df282ebc68efe>@@V<lambda_99fb1378e971ab6e7edea83e3a7a83a2>@@@?$__crt_seh_guarded_call@H@@QEAAH$$QEAV<lambda_a37b2b86f63e897a80ea819b0eb08c01>@@AEAV<lambda_38ce7e780aa69e748d6df282ebc68efe>@@$$QEAV<lambda_99fb1378e971ab6e7edea83e3a7a83a2>@@@Z 000000018002bd10     libucrt:commit.obj
 0002:0000ad34       $unwind$_write_nolock      000000018002bd34     libucrt:write.obj
 0002:0000ad4c       $unwind$_write_internal    000000018002bd4c     libucrt:write.obj
 0002:0000ad7c       $unwind$?write_double_translated_ansi_nolock@@YA?AUwrite_result@?A0x17268360@@HQEBDIAEAV__crt_cached_ptd_host@@@Z 000000018002bd7c     libucrt:write.obj
 0002:0000ada8       $ip2state$?write_double_translated_ansi_nolock@@YA?AUwrite_result@?A0x17268360@@HQEBDIAEAV__crt_cached_ptd_host@@@Z 000000018002bda8     libucrt:write.obj
 0002:0000adb0       $unwind$?write_text_ansi_nolock@@YA?AUwrite_result@?A0x17268360@@HQEBDI@Z 000000018002bdb0     libucrt:write.obj
 0002:0000adb0       $unwind$?write_text_utf16le_nolock@@YA?AUwrite_result@?A0x17268360@@HQEBDI@Z 000000018002bdb0     libucrt:write.obj
 0002:0000add0       $unwind$?write_text_utf8_nolock@@YA?AUwrite_result@?A0x17268360@@HQEBDI@Z 000000018002bdd0     libucrt:write.obj
 0002:0000adf4       $unwind$_fcloseall         000000018002bdf4     libucrt:closeall.obj
 0002:0000ae18       $unwind$__acrt_fp_strflt_to_string 000000018002be18     libucrt:_fptostr.obj
 0002:0000ae34       $unwind$__acrt_fltout      000000018002be34     libucrt:cfout.obj
 0002:0000ae54       $unwind$?divide@__crt_strtox@@YA_KAEAUbig_integer@1@AEBU21@@Z 000000018002be54     libucrt:cfout.obj
 0002:0000ae6c       $chain$0$?divide@__crt_strtox@@YA_KAEAUbig_integer@1@AEBU21@@Z 000000018002be6c     libucrt:cfout.obj
 0002:0000ae80       $chain$1$?divide@__crt_strtox@@YA_KAEAUbig_integer@1@AEBU21@@Z 000000018002be80     libucrt:cfout.obj
 0002:0000ae90       $unwind$?__mbsrtowcs_utf8@__crt_mbstring@@YA_KPEA_WPEAPEBD_KPEAU_Mbstatet@@AEAV__crt_cached_ptd_host@@@Z 000000018002be90     libucrt:mbrtowc.obj
 0002:0000aea8       $unwind$__acrt_locale_free_monetary 000000018002bea8     libucrt:initmon.obj
 0002:0000aeb0       $unwind$__acrt_locale_free_time 000000018002beb0     libucrt:inittime.obj
 0002:0000aec0       $unwind$_putwch_nolock     000000018002bec0     libucrt:putwch.obj
 0002:0000aec8       $unwind$?_fclose_nolock_internal@@YAHQEAU_iobuf@@AEAV__crt_cached_ptd_host@@@Z 000000018002bec8     libucrt:fclose.obj
 0002:0000aed8       $unwind$?_fclose_internal@@YAHQEAU_iobuf@@AEAV__crt_cached_ptd_host@@@Z 000000018002bed8     libucrt:fclose.obj
 0002:0000af00       $xdatasym                  000000018002bf00     libucrt:log10.obj
 0002:0000af0c       $unwind$__acrt_fenv_set_control 000000018002bf0c     libucrt:_fenvutils.obj
 0002:0000af1c       $unwind$?__mbrtoc32_utf8@__crt_mbstring@@YA_KPEA_UPEBD_KPEAU_Mbstatet@@AEAV__crt_cached_ptd_host@@@Z 000000018002bf1c     libucrt:mbrtoc32.obj
 0002:0000af38       $unwind$_close_internal    000000018002bf38     libucrt:close.obj
 0002:0000af40       $unwind$??$?RV<lambda_ad8af0d99a0adf03d037d7dffe354bb5>@@AEAV<lambda_c9ba49e555ba839a7b07aa3fbecb7617>@@V<lambda_2f1ebd5d68526518146ae959c9e734c8>@@@?$__crt_seh_guarded_call@H@@QEAAH$$QEAV<lambda_ad8af0d99a0adf03d037d7dffe354bb5>@@AEAV<lambda_c9ba49e555ba839a7b07aa3fbecb7617>@@$$QEAV<lambda_2f1ebd5d68526518146ae959c9e734c8>@@@Z 000000018002bf40     libucrt:close.obj
 0002:0000af64       $unwind$common_control87   000000018002bf64     libucrt:ieee.obj
 0002:0000af90       $unwind$_call_matherr      000000018002bf90     libucrt:libm_error.obj
 0002:0000af98       $unwind$_handle_error      000000018002bf98     libucrt:libm_error.obj
 0002:0000afb8       $unwind$__acrt_initialize_fma3 000000018002bfb8     libucrt:fma3_available.obj
 0002:0000afc0       $unwind$_log_special_common 000000018002bfc0     libucrt:log_special.obj
 0002:0000afd0       $xdatasym                  000000018002bfd0     libucrt:fpsr.obj
 0002:0000afd8       $unwind$_raise_exc_ex      000000018002bfd8     libucrt:fpexcept.obj
 0002:0000afec       $unwind$_ctrlfp            000000018002bfec     libucrt:fpctrl.obj
 0002:0000b014       $unwind$_IsNonwritableInCurrentImage 000000018002c014     LIBCMT:pesect.obj
 0002:0000b038       $unwind$__GSHandlerCheckCommon 000000018002c038     LIBCMT:gshandler.obj
 0002:0000b040       $xdatasym                  000000018002c040     LIBCMT:amdsecgs.obj
 0002:0000b044       $unwind$__report_securityfailure 000000018002c044     LIBCMT:gs_report.obj
 0002:0000b04c       $unwind$__report_gsfailure 000000018002c04c     LIBCMT:gs_report.obj
 0002:0000b054       $unwind$capture_current_context 000000018002c054     LIBCMT:gs_report.obj
 0002:0000b060       $unwind$capture_previous_context 000000018002c060     LIBCMT:gs_report.obj
 0002:0000b070       $xdatasym                  000000018002c070     LIBCMT:chkstk.obj
 0002:0000b078       $unwind$strrchr            000000018002c078     libvcruntime:strrchr.obj
 0002:0000b080       $xdatasym                  000000018002c080     libvcruntime:memcmp.obj
 0002:0000b5a0       .edata                     000000018002c5a0     PhysXCooking_64.exp
 0002:0000b5c8       rgpv                       000000018002c5c8     PhysXCooking_64.exp
 0002:0000b6b0       rgszName                   000000018002c6b0     PhysXCooking_64.exp
 0002:0000b798       rgwOrd                     000000018002c798     PhysXCooking_64.exp
 0002:0000b80c       szName                     000000018002c80c     PhysXCooking_64.exp
 0002:0000b820       $N00001                    000000018002c820     PhysXCooking_64.exp
 0002:0000b844       $N00002                    000000018002c844     PhysXCooking_64.exp
 0002:0000b873       $N00003                    000000018002c873     PhysXCooking_64.exp
 0002:0000b89a       $N00004                    000000018002c89a     PhysXCooking_64.exp
 0002:0000b8f1       $N00005                    000000018002c8f1     PhysXCooking_64.exp
 0002:0000b91c       $N00006                    000000018002c91c     PhysXCooking_64.exp
 0002:0000b942       $N00007                    000000018002c942     PhysXCooking_64.exp
 0002:0000b961       $N00008                    000000018002c961     PhysXCooking_64.exp
 0002:0000b985       $N00009                    000000018002c985     PhysXCooking_64.exp
 0002:0000b9ac       $N00010                    000000018002c9ac     PhysXCooking_64.exp
 0002:0000b9d5       $N00011                    000000018002c9d5     PhysXCooking_64.exp
 0002:0000b9f4       $N00012                    000000018002c9f4     PhysXCooking_64.exp
 0002:0000ba27       $N00013                    000000018002ca27     PhysXCooking_64.exp
 0002:0000ba5d       $N00014                    000000018002ca5d     PhysXCooking_64.exp
 0002:0000ba95       $N00015                    000000018002ca95     PhysXCooking_64.exp
 0002:0000bac7       $N00016                    000000018002cac7     PhysXCooking_64.exp
 0002:0000baf3       $N00017                    000000018002caf3     PhysXCooking_64.exp
 0002:0000bb0f       $N00018                    000000018002cb0f     PhysXCooking_64.exp
 0002:0000bb39       $N00019                    000000018002cb39     PhysXCooking_64.exp
 0002:0000bb75       $N00020                    000000018002cb75     PhysXCooking_64.exp
 0002:0000bbb0       $N00021                    000000018002cbb0     PhysXCooking_64.exp
 0002:0000bbeb       $N00022                    000000018002cbeb     PhysXCooking_64.exp
 0002:0000bc20       $N00023                    000000018002cc20     PhysXCooking_64.exp
 0002:0000bc5c       $N00024                    000000018002cc5c     PhysXCooking_64.exp
 0002:0000bc8f       $N00025                    000000018002cc8f     PhysXCooking_64.exp
 0002:0000bcc2       $N00026                    000000018002ccc2     PhysXCooking_64.exp
 0002:0000bcfc       $N00027                    000000018002ccfc     PhysXCooking_64.exp
 0002:0000bd36       $N00028                    000000018002cd36     PhysXCooking_64.exp
 0002:0000bd63       $N00029                    000000018002cd63     PhysXCooking_64.exp
 0002:0000bd96       $N00030                    000000018002cd96     PhysXCooking_64.exp
 0002:0000bdc4       $N00031                    000000018002cdc4     PhysXCooking_64.exp
 0002:0000bdf1       $N00032                    000000018002cdf1     PhysXCooking_64.exp
 0002:0000be2d       $N00033                    000000018002ce2d     PhysXCooking_64.exp
 0002:0000be6a       $N00034                    000000018002ce6a     PhysXCooking_64.exp
 0002:0000be9a       $N00035                    000000018002ce9a     PhysXCooking_64.exp
 0002:0000beb1       $N00036                    000000018002ceb1     PhysXCooking_64.exp
 0002:0000becc       $N00037                    000000018002cecc     PhysXCooking_64.exp
 0002:0000bee3       $N00038                    000000018002cee3     PhysXCooking_64.exp
 0002:0000bef9       $N00039                    000000018002cef9     PhysXCooking_64.exp
 0002:0000bf10       $N00040                    000000018002cf10     PhysXCooking_64.exp
 0002:0000bf28       $N00041                    000000018002cf28     PhysXCooking_64.exp
 0002:0000bf32       $N00042                    000000018002cf32     PhysXCooking_64.exp
 0002:0000bf43       $N00043                    000000018002cf43     PhysXCooking_64.exp
 0002:0000bf55       $N00044                    000000018002cf55     PhysXCooking_64.exp
 0002:0000bf68       $N00045                    000000018002cf68     PhysXCooking_64.exp
 0002:0000bf7e       $N00046                    000000018002cf7e     PhysXCooking_64.exp
 0002:0000bf91       $N00047                    000000018002cf91     PhysXCooking_64.exp
 0002:0000bf9d       $N00048                    000000018002cf9d     PhysXCooking_64.exp
 0002:0000bfb1       $N00049                    000000018002cfb1     PhysXCooking_64.exp
 0002:0000bfc4       $N00050                    000000018002cfc4     PhysXCooking_64.exp
 0002:0000bfd8       $N00051                    000000018002cfd8     PhysXCooking_64.exp
 0002:0000bfed       $N00052                    000000018002cfed     PhysXCooking_64.exp
 0002:0000c005       $N00053                    000000018002d005     PhysXCooking_64.exp
 0002:0000c01a       $N00054                    000000018002d01a     PhysXCooking_64.exp
 0002:0000c037       $N00055                    000000018002d037     PhysXCooking_64.exp
 0002:0000c058       $N00056                    000000018002d058     PhysXCooking_64.exp
 0002:0000c077       $N00057                    000000018002d077     PhysXCooking_64.exp
 0002:0000c08c       $N00058                    000000018002d08c     PhysXCooking_64.exp
 0002:0000c360       .idata$6                   000000018002d360     kernel32:KERNEL32.dll
 0003:00000040       ?prefix@?1??getDimension@UnDecorator@@CA?AVDName@@_N@Z@4UStringLiteral@@A 000000018002e040     libvcruntime:undname.obj
 0003:00000050       ?__vcrt_flsindex@@3KA      000000018002e050     libvcruntime:per_thread_data.obj
 0003:00000070       ?__acrt_flsindex@@3KA      000000018002e070     libucrt:per_thread_data.obj
 0003:00000074       ?errno_no_memory@@3HA      000000018002e074     libucrt:errno.obj
 0003:00000078       ?doserrno_no_memory@@3KA   000000018002e078     libucrt:errno.obj
 0003:000002b0       _mbctypes                  000000018002e2b0     libucrt:mbctype.obj
 0003:000003c0       _mbcasemaps                000000018002e3c0     libucrt:mbctype.obj
 0003:000004c0       ?__rgctypeflag@@3PADA      000000018002e4c0     libucrt:mbctype.obj
 0003:000004d0       ?__rgcode_page_info@@3PAUcode_page_info@@A 000000018002e4d0     libucrt:mbctype.obj
 0003:000009e0       ?__dcrt_lowio_console_output_handle@@3PEAXEA 000000018002e9e0     libucrt:initcon.obj
 0003:000009e8       ?dazSupported@?1??common_control87@@9@9 000000018002e9e8     libucrt:ieee.obj
 0003:000009f0       ?dazSupported@?1??_ctrlfp@@9@9 000000018002e9f0     libucrt:fpctrl.obj
 0003:00000cb0       ?maxV3Error@vecMathTests@aos@physx@@3T__m128@@B 000000018002ecb0     Cooking.obj
 0003:00000cc0       ?minFError@vecMathTests@aos@physx@@3T__m128@@B 000000018002ecc0     Cooking.obj
 0003:00000cd0       ?maxV4Error@vecMathTests@aos@physx@@3T__m128@@B 000000018002ecd0     Cooking.obj
 0003:00000ce0       ?minV4Error@vecMathTests@aos@physx@@3T__m128@@B 000000018002ece0     Cooking.obj
 0003:00000cf0       ?minV3Error@vecMathTests@aos@physx@@3T__m128@@B 000000018002ecf0     Cooking.obj
 0003:00000d00       ?maxFError@vecMathTests@aos@physx@@3T__m128@@B 000000018002ed00     Cooking.obj
 0003:00000d10       ?gCookingDelayLoadHook@@3PEBVPxDelayLoadHook@physx@@EB 000000018002ed10     WindowsCookingDelayLoadHook.obj
 0003:00000d70       ?__proc_attached@@3HA      000000018002ed70     LIBCMT:dll_dllmain.obj
 0003:00000d98       ?is_initialized_as_dll@@3_NA 000000018002ed98     LIBCMT:utility.obj
 0003:00000d99       ?module_local_atexit_table_initialized@@3_NA 000000018002ed99     LIBCMT:utility.obj
 0003:00000da0       ?module_local_atexit_table@@3U_onexit_table_t@@A 000000018002eda0     LIBCMT:utility.obj
 0003:00000db8       ?module_local_at_quick_exit_table@@3U_onexit_table_t@@A 000000018002edb8     LIBCMT:utility.obj
 0003:00000e28       ?heap@@3V_HeapManager@@A   000000018002ee28     libvcruntime:undname.obj
 0003:00000e50       ?__vcrt_startup_thread_ptd@@3U__vcrt_ptd@@A 000000018002ee50     libvcruntime:per_thread_data.obj
 0003:00000ed0       __vcrt_lock_table          000000018002eed0     libvcruntime:locks.obj
 0003:00000ef8       __vcrt_locks_initialized   000000018002eef8     libvcruntime:locks.obj
 0003:00000f00       ?module_handles@@3PAPEAUHINSTANCE__@@A 000000018002ef00     libvcruntime:winapi_downlevel.obj
 0003:00000f18       ?function_pointers@@3PAPEAXA 000000018002ef18     libvcruntime:winapi_downlevel.obj
 0003:00000f40       ?c_termination_complete@@3JA 000000018002ef40     libucrt:exit.obj
 0003:00000f48       ?thread_local_exit_callback_func@@3P6AXPEAXK0@ZEA 000000018002ef48     libucrt:exit.obj
 0003:00000f60       ?program_name@?1???$common_configure_argv@D@@YAHW4_crt_argv_mode@@@Z@4PADA 000000018002ef60     libucrt:argv_parsing.obj
 0003:000010c0       ?__acrt_lock_table@@3PAU_RTL_CRITICAL_SECTION@@A 000000018002f0c0     libucrt:locks.obj
 0003:000012f0       ?__acrt_locks_initialized@@3IA 000000018002f2f0     libucrt:locks.obj
 0003:000012f8       ?__acrt_invalid_parameter_handler@@3V?$dual_state_global@P6AXPEB_W00I_K@Z@__crt_state_management@@A 000000018002f2f8     libucrt:invalid_parameter.obj
 0003:00001318       ?fSystemSet@@3HA           000000018002f318     libucrt:mbctype.obj
 0003:0000131c       ?initialized@?1??__acrt_initialize_multibyte@@9@4_NA 000000018002f31c     libucrt:mbctype.obj
 0003:00001350       ?module_handles@@3PAPEAUHINSTANCE__@@A 000000018002f350     libucrt:winapi_thunks.obj
 0003:000013f0       ?encoded_function_pointers@@3PAPEAXA 000000018002f3f0     libucrt:winapi_thunks.obj
 0003:000018f8       ?__acrt_new_handler@@3V?$dual_state_global@P6AH_K@Z@__crt_state_management@@A 000000018002f8f8     libucrt:new_handler.obj
 0003:00001900       ?ctrlc_action@@3V?$dual_state_global@P6AXH@Z@__crt_state_management@@A 000000018002f900     libucrt:signal.obj
 0003:00001908       ?ctrlbreak_action@@3V?$dual_state_global@P6AXH@Z@__crt_state_management@@A 000000018002f908     libucrt:signal.obj
 0003:00001910       ?abort_action@@3V?$dual_state_global@P6AXH@Z@__crt_state_management@@A 000000018002f910     libucrt:signal.obj
 0003:00001918       ?term_action@@3V?$dual_state_global@P6AXH@Z@__crt_state_management@@A 000000018002f918     libucrt:signal.obj
 0003:00001920       ?user_matherr@@3V?$dual_state_global@P6AHPEAU_exception@@@Z@__crt_state_management@@A 000000018002f920     libucrt:matherr.obj
 0003:00001950       ?internal_state@?1??_mbtowc_internal@@9@4U_Mbstatet@@A 000000018002f950     libucrt:mbtowc.obj
 0003:00001958       ?enable_percent_n@@3_KA    000000018002f958     libucrt:printf_count_output.obj
 0003:00001964       ?__acrt_global_new_mode@@3V?$dual_state_global@J@__crt_state_management@@A 000000018002f964     libucrt:new_mode.obj
 0003:00001970       ?__acrt_app_type@@3W4_crt_app_type@@A 000000018002f970     libucrt:report_runtime_error.obj
 0003:00001978       ?internal_pst@?1??__mbrtoc32_utf8@__crt_mbstring@@YA_KPEA_UPEBD_KPEAU_Mbstatet@@AEAV__crt_cached_ptd_host@@@Z@4U3@A 000000018002f978     libucrt:mbrtoc32.obj
 0003:00001990       GS_ExceptionRecord         000000018002f990     LIBCMT:gs_report.obj
 0003:00001a30       GS_ContextRecord           000000018002fa30     LIBCMT:gs_report.obj
 0005:00000000       SetSmall                   0000000180032000     libvcruntime:memset.obj
 0005:00000040       SetSmallYmm                0000000180032040     libvcruntime:memset.obj
 0005:00000064       SetSmallYmmNT              0000000180032064     libvcruntime:memset.obj
 0005:00000088       SetSmallXmm                0000000180032088     libvcruntime:memset.obj
 0005:000000b0       MoveSmall                  00000001800320b0     libvcruntime:memcpy.obj
 0005:000000f0       MoveSmallYmm               00000001800320f0     libvcruntime:memcpy.obj
 0005:00000114       MoveSmallYmmNT             0000000180032114     libvcruntime:memcpy.obj
 0005:00000138       MoveSmallXmm               0000000180032138     libvcruntime:memcpy.obj
 0006:000000a0       $R000000                   00000001800330a0     PhysXCooking.res
 0006:000003d0       $R000330                   00000001800333d0     PhysXCooking.res
